#
# There is insufficient memory for the Java Runtime Environment to continue.
# Native memory allocation (malloc) failed to allocate 1578032 bytes. Error detail: Chunk::new
# Possible reasons:
#   The system is out of physical RAM or swap space
#   This process is running with CompressedOops enabled, and the Java Heap may be blocking the growth of the native heap
# Possible solutions:
#   Reduce memory load on the system
#   Increase physical memory or swap space
#   Check if swap backing store is full
#   Decrease Java heap size (-Xmx/-Xms)
#   Decrease number of Java threads
#   Decrease Java thread stack sizes (-Xss)
#   Set larger code cache with -XX:ReservedCodeCacheSize=
#   JVM is running with Unscaled Compressed Oops mode in which the Java heap is
#     placed in the first 4GB address space. The Java Heap base address is the
#     maximum limit for the native heap growth. Please use -XX:HeapBaseMinAddress
#     to set the Java Heap base and to place the Java Heap above 4GB virtual address.
# This output file may be truncated or incomplete.
#
#  Out of Memory Error (arena.cpp:168), pid=2428, tid=21028
#
# JRE version: OpenJDK Runtime Environment (21.0.9) (build 21.0.9+-14649483-b1163.86)
# Java VM: OpenJDK 64-Bit Server VM (21.0.9+-14649483-b1163.86, mixed mode, tiered, compressed oops, compressed class ptrs, g1 gc, windows-amd64)
# No core dump will be written. Minidumps are not enabled by default on client versions of Windows
#

---------------  S U M M A R Y ------------

Command Line: --add-opens=java.base/java.lang=ALL-UNNAMED --add-opens=java.base/java.lang.invoke=ALL-UNNAMED --add-opens=java.base/java.util=ALL-UNNAMED --add-opens=java.prefs/java.util.prefs=ALL-UNNAMED --add-exports=jdk.compiler/com.sun.tools.javac.api=ALL-UNNAMED --add-exports=jdk.compiler/com.sun.tools.javac.util=ALL-UNNAMED --add-opens=java.base/java.util=ALL-UNNAMED --add-opens=java.prefs/java.util.prefs=ALL-UNNAMED --add-opens=java.base/java.nio.charset=ALL-UNNAMED --add-opens=java.base/java.net=ALL-UNNAMED --add-opens=java.base/java.util.concurrent.atomic=ALL-UNNAMED --add-opens=java.xml/javax.xml.namespace=ALL-UNNAMED -Xmx2048m -Dfile.encoding=UTF-8 -Duser.country=PE -Duser.language=es -Duser.variant -javaagent:C:\Users\thepe\.gradle\wrapper\dists\gradle-8.13-bin\5xuhj0ry160q40clulazy9h7d\gradle-8.13\lib\agents\gradle-instrumentation-agent-8.13.jar org.gradle.launcher.daemon.bootstrap.GradleDaemon 8.13

Host: Intel(R) Core(TM) i5-10300H CPU @ 2.50GHz, 8 cores, 15G,  Windows 11 , 64 bit Build 26100 (10.0.26100.7705)
Time: Fri Mar 13 00:25:06 2026 Hora est. Pacífico, Sudamérica elapsed time: 7.309915 seconds (0d 0h 0m 7s)

---------------  T H R E A D  ---------------

Current thread (0x000001b061afbfc0):  JavaThread "C2 CompilerThread0" daemon [_thread_in_native, id=21028, stack(0x0000004d7a000000,0x0000004d7a100000) (1024K)]


Current CompileTask:
C2:7310 8040       4       org.gradle.cache.internal.btree.CachingBlockStore::read (56 bytes)

Stack: [0x0000004d7a000000,0x0000004d7a100000]
Native frames: (J=compiled Java code, j=interpreted, Vv=VM code, C=native code)
V  [jvm.dll+0x6d6c99]
V  [jvm.dll+0x866b83]
V  [jvm.dll+0x86919e]
V  [jvm.dll+0x869883]
V  [jvm.dll+0x280776]
V  [jvm.dll+0xc07cd]
V  [jvm.dll+0xc0d03]
V  [jvm.dll+0x3b986b]
V  [jvm.dll+0x3856a7]
V  [jvm.dll+0x384b1a]
V  [jvm.dll+0x249462]
V  [jvm.dll+0x248a31]
V  [jvm.dll+0x1c7344]
V  [jvm.dll+0x2581ae]
V  [jvm.dll+0x2566f6]
V  [jvm.dll+0x3f48a6]
V  [jvm.dll+0x80f118]
V  [jvm.dll+0x6d54ed]
C  [ucrtbase.dll+0x37b0]
C  [KERNEL32.DLL+0x2e8d7]
C  [ntdll.dll+0x8c40c]


---------------  P R O C E S S  ---------------

Threads class SMR info:
_java_thread_list=0x000001b066b54370, length=84, elements={
0x000001b04a2be8c0, 0x000001b061adb440, 0x000001b061aea4d0, 0x000001b061af3c60,
0x000001b061b0eb80, 0x000001b061b0f5e0, 0x000001b061b10040, 0x000001b061b10aa0,
0x000001b061afbfc0, 0x000001b061afca60, 0x000001b061dcd3d0, 0x000001b06607c250,
0x000001b068318720, 0x000001b06773f590, 0x000001b067ef5af0, 0x000001b06840c8e0,
0x000001b068436110, 0x000001b06839d240, 0x000001b068393920, 0x000001b0685ef680,
0x000001b0685f1de0, 0x000001b0685f0a30, 0x000001b0685f2b00, 0x000001b0685efd10,
0x000001b0685f10c0, 0x000001b06607dd90, 0x000001b0685f2470, 0x000001b0685f1750,
0x000001b069b2e180, 0x000001b069b31600, 0x000001b069b31c90, 0x000001b069b2e810,
0x000001b069b308e0, 0x000001b069b32320, 0x000001b069b2fbc0, 0x000001b069b30f70,
0x000001b069b2eea0, 0x000001b069b343f0, 0x000001b069b33d60, 0x000001b069b33040,
0x000001b069b34a80, 0x000001b069b35110, 0x000001b069b357a0, 0x000001b069b336d0,
0x000001b0665a9060, 0x000001b0665a8340, 0x000001b0665a5be0, 0x000001b0665a6900,
0x000001b0665a6270, 0x000001b0665a89d0, 0x000001b0665aa410, 0x000001b0665a7cb0,
0x000001b0665a96f0, 0x000001b0665a9d80, 0x000001b0665a6f90, 0x000001b0665aaaa0,
0x000001b0665a7620, 0x000001b0665ab130, 0x000001b0665acb70, 0x000001b0665ab7c0,
0x000001b0665ad200, 0x000001b0665abe50, 0x000001b0665ac4e0, 0x000001b06646c390,
0x000001b06646bd00, 0x000001b066468f10, 0x000001b06646ca20, 0x000001b0664695a0,
0x000001b06646d0b0, 0x000001b066469c30, 0x000001b06646d740, 0x000001b06646ddd0,
0x000001b06646e460, 0x000001b06646afe0, 0x000001b06646eaf0, 0x000001b06646b670,
0x000001b06646f810, 0x000001b06646fea0, 0x000001b066470530, 0x000001b06a100a10,
0x000001b06a0fdc20, 0x000001b06a0fe2b0, 0x000001b06a101dc0, 0x000001b06a0ffcf0
}

Java Threads: ( => current thread )
  0x000001b04a2be8c0 JavaThread "main"                              [_thread_blocked, id=27268, stack(0x0000004d79100000,0x0000004d79200000) (1024K)]
  0x000001b061adb440 JavaThread "Common-Cleaner"             daemon [_thread_blocked, id=13200, stack(0x0000004d79900000,0x0000004d79a00000) (1024K)]
  0x000001b061aea4d0 JavaThread "Reference Handler"          daemon [_thread_blocked, id=2276, stack(0x0000004d79a00000,0x0000004d79b00000) (1024K)]
  0x000001b061af3c60 JavaThread "Finalizer"                  daemon [_thread_blocked, id=5252, stack(0x0000004d79b00000,0x0000004d79c00000) (1024K)]
  0x000001b061b0eb80 JavaThread "Signal Dispatcher"          daemon [_thread_blocked, id=19848, stack(0x0000004d79c00000,0x0000004d79d00000) (1024K)]
  0x000001b061b0f5e0 JavaThread "Attach Listener"            daemon [_thread_blocked, id=28960, stack(0x0000004d79d00000,0x0000004d79e00000) (1024K)]
  0x000001b061b10040 JavaThread "Service Thread"             daemon [_thread_blocked, id=33968, stack(0x0000004d79e00000,0x0000004d79f00000) (1024K)]
  0x000001b061b10aa0 JavaThread "Monitor Deflation Thread"   daemon [_thread_blocked, id=21356, stack(0x0000004d79f00000,0x0000004d7a000000) (1024K)]
=>0x000001b061afbfc0 JavaThread "C2 CompilerThread0"         daemon [_thread_in_native, id=21028, stack(0x0000004d7a000000,0x0000004d7a100000) (1024K)]
  0x000001b061afca60 JavaThread "C1 CompilerThread0"         daemon [_thread_in_native, id=3976, stack(0x0000004d7a100000,0x0000004d7a200000) (1024K)]
  0x000001b061dcd3d0 JavaThread "Notification Thread"        daemon [_thread_blocked, id=23080, stack(0x0000004d7a200000,0x0000004d7a300000) (1024K)]
  0x000001b06607c250 JavaThread "C2 CompilerThread1"         daemon [_thread_in_native, id=28440, stack(0x0000004d7a300000,0x0000004d7a400000) (1024K)]
  0x000001b068318720 JavaThread "Daemon health stats"               [_thread_blocked, id=23180, stack(0x0000004d7a900000,0x0000004d7aa00000) (1024K)]
  0x000001b06773f590 JavaThread "Incoming local TCP Connector on port 64376"        [_thread_in_native, id=352, stack(0x0000004d7aa00000,0x0000004d7ab00000) (1024K)]
  0x000001b067ef5af0 JavaThread "Daemon periodic checks"            [_thread_blocked, id=26432, stack(0x0000004d7ab00000,0x0000004d7ac00000) (1024K)]
  0x000001b06840c8e0 JavaThread "Daemon"                            [_thread_blocked, id=32316, stack(0x0000004d7ac00000,0x0000004d7ad00000) (1024K)]
  0x000001b068436110 JavaThread "Handler for socket connection from /127.0.0.1:64376 to /127.0.0.1:64377"        [_thread_in_native, id=32172, stack(0x0000004d7ad00000,0x0000004d7ae00000) (1024K)]
  0x000001b06839d240 JavaThread "Cancel handler"                    [_thread_blocked, id=28472, stack(0x0000004d7ae00000,0x0000004d7af00000) (1024K)]
  0x000001b068393920 JavaThread "Daemon worker"                     [_thread_in_vm, id=32828, stack(0x0000004d7af00000,0x0000004d7b000000) (1024K)]
  0x000001b0685ef680 JavaThread "Asynchronous log dispatcher for DefaultDaemonConnection: socket connection from /127.0.0.1:64376 to /127.0.0.1:64377"        [_thread_blocked, id=16988, stack(0x0000004d7b000000,0x0000004d7b100000) (1024K)]
  0x000001b0685f1de0 JavaThread "Stdin handler"                     [_thread_blocked, id=26088, stack(0x0000004d7b100000,0x0000004d7b200000) (1024K)]
  0x000001b0685f0a30 JavaThread "Daemon client event forwarder"        [_thread_blocked, id=27272, stack(0x0000004d7b200000,0x0000004d7b300000) (1024K)]
  0x000001b0685f2b00 JavaThread "Cache worker for journal cache (C:\Users\thepe\.gradle\caches\journal-1)"        [_thread_blocked, id=2156, stack(0x0000004d7b600000,0x0000004d7b700000) (1024K)]
  0x000001b0685efd10 JavaThread "File lock request listener"        [_thread_in_native, id=2996, stack(0x0000004d7b700000,0x0000004d7b800000) (1024K)]
  0x000001b0685f10c0 JavaThread "Cache worker for file hash cache (C:\Users\thepe\.gradle\caches\8.13\fileHashes)"        [_thread_blocked, id=25752, stack(0x0000004d7b800000,0x0000004d7b900000) (1024K)]
  0x000001b06607dd90 JavaThread "C2 CompilerThread2"         daemon [_thread_in_native, id=9376, stack(0x0000004d7b900000,0x0000004d7ba00000) (1024K)]
  0x000001b0685f2470 JavaThread "Cache worker for file hash cache (C:\Users\thepe\AndroidStudioProjects\intentoAppDatosMusica\intentoAppDatosMusica\.gradle\8.13\fileHashes)"        [_thread_blocked, id=34644, stack(0x0000004d7ba00000,0x0000004d7bb00000) (1024K)]
  0x000001b0685f1750 JavaThread "Cache worker for Build Output Cleanup Cache (C:\Users\thepe\AndroidStudioProjects\intentoAppDatosMusica\intentoAppDatosMusica\.gradle\buildOutputCleanup)"        [_thread_blocked, id=22488, stack(0x0000004d7bb00000,0x0000004d7bc00000) (1024K)]
  0x000001b069b2e180 JavaThread "File watcher server"        daemon [_thread_in_native, id=22152, stack(0x0000004d7bc00000,0x0000004d7bd00000) (1024K)]
  0x000001b069b31600 JavaThread "File watcher consumer"      daemon [_thread_blocked, id=8388, stack(0x0000004d7bd00000,0x0000004d7be00000) (1024K)]
  0x000001b069b31c90 JavaThread "jar transforms"                    [_thread_blocked, id=20024, stack(0x0000004d7be00000,0x0000004d7bf00000) (1024K)]
  0x000001b069b2e810 JavaThread "jar transforms Thread 2"           [_thread_blocked, id=22940, stack(0x0000004d7bf00000,0x0000004d7c000000) (1024K)]
  0x000001b069b308e0 JavaThread "Cache worker for checksums cache (C:\Users\thepe\AndroidStudioProjects\intentoAppDatosMusica\intentoAppDatosMusica\.gradle\8.13\checksums)"        [_thread_blocked, id=4560, stack(0x0000004d7c000000,0x0000004d7c100000) (1024K)]
  0x000001b069b32320 JavaThread "Cache worker for file content cache (C:\Users\thepe\.gradle\caches\8.13\fileContent)"        [_thread_blocked, id=13296, stack(0x0000004d7c100000,0x0000004d7c200000) (1024K)]
  0x000001b069b2fbc0 JavaThread "jar transforms Thread 3"           [_thread_blocked, id=24124, stack(0x0000004d7c200000,0x0000004d7c300000) (1024K)]
  0x000001b069b30f70 JavaThread "Cache worker for cache directory md-supplier (C:\Users\thepe\.gradle\caches\8.13\md-supplier)"        [_thread_blocked, id=28784, stack(0x0000004d7c300000,0x0000004d7c400000) (1024K)]
  0x000001b069b2eea0 JavaThread "Cache worker for cache directory md-rule (C:\Users\thepe\.gradle\caches\8.13\md-rule)"        [_thread_blocked, id=27480, stack(0x0000004d7c400000,0x0000004d7c500000) (1024K)]
  0x000001b069b343f0 JavaThread "Unconstrained build operations"        [_thread_blocked, id=33720, stack(0x0000004d7c500000,0x0000004d7c600000) (1024K)]
  0x000001b069b33d60 JavaThread "Unconstrained build operations Thread 2"        [_thread_blocked, id=32104, stack(0x0000004d7c600000,0x0000004d7c700000) (1024K)]
  0x000001b069b33040 JavaThread "Unconstrained build operations Thread 3"        [_thread_blocked, id=12092, stack(0x0000004d7c700000,0x0000004d7c800000) (1024K)]
  0x000001b069b34a80 JavaThread "Unconstrained build operations Thread 4"        [_thread_blocked, id=32992, stack(0x0000004d7c800000,0x0000004d7c900000) (1024K)]
  0x000001b069b35110 JavaThread "Unconstrained build operations Thread 5"        [_thread_blocked, id=2368, stack(0x0000004d7c900000,0x0000004d7ca00000) (1024K)]
  0x000001b069b357a0 JavaThread "Unconstrained build operations Thread 6"        [_thread_blocked, id=30636, stack(0x0000004d7ca00000,0x0000004d7cb00000) (1024K)]
  0x000001b069b336d0 JavaThread "Unconstrained build operations Thread 7"        [_thread_blocked, id=23176, stack(0x0000004d7cb00000,0x0000004d7cc00000) (1024K)]
  0x000001b0665a9060 JavaThread "Unconstrained build operations Thread 8"        [_thread_blocked, id=16392, stack(0x0000004d7cc00000,0x0000004d7cd00000) (1024K)]
  0x000001b0665a8340 JavaThread "Unconstrained build operations Thread 9"        [_thread_blocked, id=5172, stack(0x0000004d7cd00000,0x0000004d7ce00000) (1024K)]
  0x000001b0665a5be0 JavaThread "Unconstrained build operations Thread 10"        [_thread_blocked, id=14740, stack(0x0000004d7ce00000,0x0000004d7cf00000) (1024K)]
  0x000001b0665a6900 JavaThread "Unconstrained build operations Thread 11"        [_thread_blocked, id=1192, stack(0x0000004d7cf00000,0x0000004d7d000000) (1024K)]
  0x000001b0665a6270 JavaThread "Unconstrained build operations Thread 12"        [_thread_blocked, id=32268, stack(0x0000004d7d000000,0x0000004d7d100000) (1024K)]
  0x000001b0665a89d0 JavaThread "Unconstrained build operations Thread 13"        [_thread_blocked, id=18532, stack(0x0000004d7d100000,0x0000004d7d200000) (1024K)]
  0x000001b0665aa410 JavaThread "Unconstrained build operations Thread 14"        [_thread_blocked, id=13152, stack(0x0000004d7d200000,0x0000004d7d300000) (1024K)]
  0x000001b0665a7cb0 JavaThread "jar transforms Thread 4"           [_thread_blocked, id=13384, stack(0x0000004d7d300000,0x0000004d7d400000) (1024K)]
  0x000001b0665a96f0 JavaThread "jar transforms Thread 5"           [_thread_blocked, id=18708, stack(0x0000004d7d400000,0x0000004d7d500000) (1024K)]
  0x000001b0665a9d80 JavaThread "Unconstrained build operations Thread 15"        [_thread_blocked, id=31988, stack(0x0000004d7d500000,0x0000004d7d600000) (1024K)]
  0x000001b0665a6f90 JavaThread "Unconstrained build operations Thread 16"        [_thread_blocked, id=34464, stack(0x0000004d7d600000,0x0000004d7d700000) (1024K)]
  0x000001b0665aaaa0 JavaThread "Unconstrained build operations Thread 17"        [_thread_blocked, id=25760, stack(0x0000004d7d700000,0x0000004d7d800000) (1024K)]
  0x000001b0665a7620 JavaThread "Unconstrained build operations Thread 18"        [_thread_blocked, id=33996, stack(0x0000004d7d800000,0x0000004d7d900000) (1024K)]
  0x000001b0665ab130 JavaThread "Unconstrained build operations Thread 19"        [_thread_blocked, id=7172, stack(0x0000004d7d900000,0x0000004d7da00000) (1024K)]
  0x000001b0665acb70 JavaThread "Unconstrained build operations Thread 20"        [_thread_blocked, id=2296, stack(0x0000004d7da00000,0x0000004d7db00000) (1024K)]
  0x000001b0665ab7c0 JavaThread "Unconstrained build operations Thread 21"        [_thread_blocked, id=18016, stack(0x0000004d7db00000,0x0000004d7dc00000) (1024K)]
  0x000001b0665ad200 JavaThread "jar transforms Thread 6"           [_thread_blocked, id=4448, stack(0x0000004d7dc00000,0x0000004d7dd00000) (1024K)]
  0x000001b0665abe50 JavaThread "jar transforms Thread 7"           [_thread_blocked, id=13500, stack(0x0000004d7dd00000,0x0000004d7de00000) (1024K)]
  0x000001b0665ac4e0 JavaThread "jar transforms Thread 8"           [_thread_blocked, id=4216, stack(0x0000004d7de00000,0x0000004d7df00000) (1024K)]
  0x000001b06646c390 JavaThread "Unconstrained build operations Thread 22"        [_thread_blocked, id=25452, stack(0x0000004d7df00000,0x0000004d7e000000) (1024K)]
  0x000001b06646bd00 JavaThread "Unconstrained build operations Thread 23"        [_thread_blocked, id=2508, stack(0x0000004d7e000000,0x0000004d7e100000) (1024K)]
  0x000001b066468f10 JavaThread "Unconstrained build operations Thread 24"        [_thread_blocked, id=20472, stack(0x0000004d7e100000,0x0000004d7e200000) (1024K)]
  0x000001b06646ca20 JavaThread "Unconstrained build operations Thread 25"        [_thread_blocked, id=26856, stack(0x0000004d7e200000,0x0000004d7e300000) (1024K)]
  0x000001b0664695a0 JavaThread "Unconstrained build operations Thread 26"        [_thread_blocked, id=32360, stack(0x0000004d7e300000,0x0000004d7e400000) (1024K)]
  0x000001b06646d0b0 JavaThread "Unconstrained build operations Thread 27"        [_thread_blocked, id=34044, stack(0x0000004d7e400000,0x0000004d7e500000) (1024K)]
  0x000001b066469c30 JavaThread "Unconstrained build operations Thread 28"        [_thread_blocked, id=5376, stack(0x0000004d7e500000,0x0000004d7e600000) (1024K)]
  0x000001b06646d740 JavaThread "Unconstrained build operations Thread 29"        [_thread_blocked, id=31376, stack(0x0000004d7e600000,0x0000004d7e700000) (1024K)]
  0x000001b06646ddd0 JavaThread "Unconstrained build operations Thread 30"        [_thread_blocked, id=29560, stack(0x0000004d7e700000,0x0000004d7e800000) (1024K)]
  0x000001b06646e460 JavaThread "Unconstrained build operations Thread 31"        [_thread_blocked, id=13832, stack(0x0000004d7e800000,0x0000004d7e900000) (1024K)]
  0x000001b06646afe0 JavaThread "Unconstrained build operations Thread 32"        [_thread_blocked, id=13768, stack(0x0000004d7e900000,0x0000004d7ea00000) (1024K)]
  0x000001b06646eaf0 JavaThread "Unconstrained build operations Thread 33"        [_thread_blocked, id=21540, stack(0x0000004d7ea00000,0x0000004d7eb00000) (1024K)]
  0x000001b06646b670 JavaThread "Unconstrained build operations Thread 34"        [_thread_blocked, id=22060, stack(0x0000004d7eb00000,0x0000004d7ec00000) (1024K)]
  0x000001b06646f810 JavaThread "Unconstrained build operations Thread 35"        [_thread_blocked, id=5256, stack(0x0000004d7ec00000,0x0000004d7ed00000) (1024K)]
  0x000001b06646fea0 JavaThread "Unconstrained build operations Thread 36"        [_thread_in_Java, id=27144, stack(0x0000004d7ed00000,0x0000004d7ee00000) (1024K)]
  0x000001b066470530 JavaThread "Unconstrained build operations Thread 37"        [_thread_in_native, id=5052, stack(0x0000004d7ee00000,0x0000004d7ef00000) (1024K)]
  0x000001b06a100a10 JavaThread "Unconstrained build operations Thread 38"        [_thread_in_native, id=14024, stack(0x0000004d7ef00000,0x0000004d7f000000) (1024K)]
  0x000001b06a0fdc20 JavaThread "Unconstrained build operations Thread 39"        [_thread_in_native, id=11444, stack(0x0000004d7f000000,0x0000004d7f100000) (1024K)]
  0x000001b06a0fe2b0 JavaThread "Unconstrained build operations Thread 40"        [_thread_in_native, id=9400, stack(0x0000004d7f100000,0x0000004d7f200000) (1024K)]
  0x000001b06a101dc0 JavaThread "Unconstrained build operations Thread 41"        [_thread_blocked, id=33884, stack(0x0000004d7f200000,0x0000004d7f300000) (1024K)]
  0x000001b06a0ffcf0 JavaThread "Unconstrained build operations Thread 42"        [_thread_blocked, id=30756, stack(0x0000004d7f300000,0x0000004d7f400000) (1024K)]
Total: 84

Other Threads:
  0x000001b061a91450 VMThread "VM Thread"                           [id=22104, stack(0x0000004d79800000,0x0000004d79900000) (1024K)]
  0x000001b061978ad0 WatcherThread "VM Periodic Task Thread"        [id=24224, stack(0x0000004d79700000,0x0000004d79800000) (1024K)]
  0x000001b04a317540 WorkerThread "GC Thread#0"                     [id=21784, stack(0x0000004d79200000,0x0000004d79300000) (1024K)]
  0x000001b066361cd0 WorkerThread "GC Thread#1"                     [id=32800, stack(0x0000004d7a400000,0x0000004d7a500000) (1024K)]
  0x000001b066362070 WorkerThread "GC Thread#2"                     [id=12808, stack(0x0000004d7a500000,0x0000004d7a600000) (1024K)]
  0x000001b066362410 WorkerThread "GC Thread#3"                     [id=18272, stack(0x0000004d7a600000,0x0000004d7a700000) (1024K)]
  0x000001b066691f60 WorkerThread "GC Thread#4"                     [id=28724, stack(0x0000004d7a700000,0x0000004d7a800000) (1024K)]
  0x000001b066692300 WorkerThread "GC Thread#5"                     [id=27768, stack(0x0000004d7a800000,0x0000004d7a900000) (1024K)]
  0x000001b0685fe330 WorkerThread "GC Thread#6"                     [id=10160, stack(0x0000004d7b300000,0x0000004d7b400000) (1024K)]
  0x000001b068605140 WorkerThread "GC Thread#7"                     [id=13188, stack(0x0000004d7b400000,0x0000004d7b500000) (1024K)]
  0x000001b04a329a80 ConcurrentGCThread "G1 Main Marker"            [id=11704, stack(0x0000004d79300000,0x0000004d79400000) (1024K)]
  0x000001b04a32ac30 WorkerThread "G1 Conc#0"                       [id=31360, stack(0x0000004d79400000,0x0000004d79500000) (1024K)]
  0x000001b0683bbd10 WorkerThread "G1 Conc#1"                       [id=34540, stack(0x0000004d7b500000,0x0000004d7b600000) (1024K)]
  0x000001b0618c4c80 ConcurrentGCThread "G1 Refine#0"               [id=32368, stack(0x0000004d79500000,0x0000004d79600000) (1024K)]
  0x000001b0618c65b0 ConcurrentGCThread "G1 Service"                [id=31392, stack(0x0000004d79600000,0x0000004d79700000) (1024K)]
Total: 15

Threads with active compile tasks:
C2 CompilerThread0  7348 8040       4       org.gradle.cache.internal.btree.CachingBlockStore::read (56 bytes)
C1 CompilerThread0  7348 8389       3       java.nio.file.FileTreeWalker::<init> (144 bytes)
C2 CompilerThread1  7348 8125       4       org.gradle.cache.internal.btree.FreeListBlockStore::read (12 bytes)
C2 CompilerThread2  7348 8296       4       com.google.common.collect.Interners$InternerImpl::intern (54 bytes)
Total: 4

VM state: not at safepoint (normal execution)

VM Mutex/Monitor currently owned by a thread: None

Heap address: 0x0000000080000000, size: 2048 MB, Compressed Oops mode: 32-bit

CDS archive(s) not mapped
Compressed class space mapped at: 0x0000000100000000-0x0000000140000000, reserved size: 1073741824
Narrow klass base: 0x0000000000000000, Narrow klass shift: 3, Narrow klass range: 0x140000000

GC Precious Log:
 CardTable entry size: 512
 Card Set container configuration: InlinePtr #cards 5 size 8 Array Of Cards #cards 12 size 40 Howl #buckets 4 coarsen threshold 1843 Howl Bitmap #cards 512 size 80 coarsen threshold 460 Card regions per heap region 1 cards per card region 2048
 CPUs: 8 total, 8 available
 Memory: 16215M
 Large Page Support: Disabled
 NUMA Support: Disabled
 Compressed Oops: Enabled (32-bit)
 Heap Region Size: 1M
 Heap Min Capacity: 8M
 Heap Initial Capacity: 254M
 Heap Max Capacity: 2G
 Pre-touch: Disabled
 Parallel Workers: 8
 Concurrent Workers: 2
 Concurrent Refinement Workers: 8
 Periodic GC: Disabled

Heap:
 garbage-first heap   total 108544K, used 70654K [0x0000000080000000, 0x0000000100000000)
  region size 1024K, 24 young (24576K), 6 survivors (6144K)
 Metaspace       used 66512K, committed 68160K, reserved 1114112K
  class space    used 9276K, committed 10048K, reserved 1048576K

Heap Regions: E=young(eden), S=young(survivor), O=old, HS=humongous(starts), HC=humongous(continues), CS=collection set, F=free, TAMS=top-at-mark-start, PB=parsable bottom
|   0|0x0000000080000000, 0x0000000080100000, 0x0000000080100000|100%|HS|  |TAMS 0x0000000080000000| PB 0x0000000080000000| Complete 
|   1|0x0000000080100000, 0x0000000080200000, 0x0000000080200000|100%|HC|  |TAMS 0x0000000080100000| PB 0x0000000080100000| Complete 
|   2|0x0000000080200000, 0x0000000080300000, 0x0000000080300000|100%|HC|  |TAMS 0x0000000080200000| PB 0x0000000080200000| Complete 
|   3|0x0000000080300000, 0x0000000080400000, 0x0000000080400000|100%| O|  |TAMS 0x0000000080300000| PB 0x0000000080300000| Untracked 
|   4|0x0000000080400000, 0x0000000080500000, 0x0000000080500000|100%| O|  |TAMS 0x0000000080400000| PB 0x0000000080400000| Untracked 
|   5|0x0000000080500000, 0x0000000080600000, 0x0000000080600000|100%| O|  |TAMS 0x0000000080500000| PB 0x0000000080500000| Untracked 
|   6|0x0000000080600000, 0x0000000080700000, 0x0000000080700000|100%|HS|  |TAMS 0x0000000080600000| PB 0x0000000080600000| Complete 
|   7|0x0000000080700000, 0x0000000080800000, 0x0000000080800000|100%| O|  |TAMS 0x0000000080700000| PB 0x0000000080700000| Untracked 
|   8|0x0000000080800000, 0x0000000080900000, 0x0000000080900000|100%| O|  |TAMS 0x0000000080800000| PB 0x0000000080800000| Untracked 
|   9|0x0000000080900000, 0x0000000080a00000, 0x0000000080a00000|100%| O|  |TAMS 0x0000000080900000| PB 0x0000000080900000| Untracked 
|  10|0x0000000080a00000, 0x0000000080b00000, 0x0000000080b00000|100%| O|  |TAMS 0x0000000080a00000| PB 0x0000000080a00000| Untracked 
|  11|0x0000000080b00000, 0x0000000080c00000, 0x0000000080c00000|100%| O|  |TAMS 0x0000000080b00000| PB 0x0000000080b00000| Untracked 
|  12|0x0000000080c00000, 0x0000000080d00000, 0x0000000080d00000|100%| O|  |TAMS 0x0000000080c00000| PB 0x0000000080c00000| Untracked 
|  13|0x0000000080d00000, 0x0000000080e00000, 0x0000000080e00000|100%| O|  |TAMS 0x0000000080d00000| PB 0x0000000080d00000| Untracked 
|  14|0x0000000080e00000, 0x0000000080f00000, 0x0000000080f00000|100%| O|  |TAMS 0x0000000080e00000| PB 0x0000000080e00000| Untracked 
|  15|0x0000000080f00000, 0x0000000081000000, 0x0000000081000000|100%| O|  |TAMS 0x0000000080f00000| PB 0x0000000080f00000| Untracked 
|  16|0x0000000081000000, 0x0000000081000000, 0x0000000081100000|  0%| F|  |TAMS 0x0000000081000000| PB 0x0000000081000000| Untracked 
|  17|0x0000000081100000, 0x0000000081200000, 0x0000000081200000|100%| O|  |TAMS 0x0000000081100000| PB 0x0000000081100000| Untracked 
|  18|0x0000000081200000, 0x0000000081300000, 0x0000000081300000|100%| O|  |TAMS 0x0000000081200000| PB 0x0000000081200000| Untracked 
|  19|0x0000000081300000, 0x0000000081400000, 0x0000000081400000|100%| O|  |TAMS 0x0000000081300000| PB 0x0000000081300000| Untracked 
|  20|0x0000000081400000, 0x0000000081500000, 0x0000000081500000|100%| O|  |TAMS 0x0000000081400000| PB 0x0000000081400000| Untracked 
|  21|0x0000000081500000, 0x0000000081600000, 0x0000000081600000|100%| O|  |TAMS 0x0000000081500000| PB 0x0000000081500000| Untracked 
|  22|0x0000000081600000, 0x0000000081700000, 0x0000000081700000|100%| O|  |TAMS 0x0000000081600000| PB 0x0000000081600000| Untracked 
|  23|0x0000000081700000, 0x0000000081800000, 0x0000000081800000|100%| O|  |TAMS 0x0000000081700000| PB 0x0000000081700000| Untracked 
|  24|0x0000000081800000, 0x0000000081900000, 0x0000000081900000|100%| O|  |TAMS 0x0000000081800000| PB 0x0000000081800000| Untracked 
|  25|0x0000000081900000, 0x0000000081a00000, 0x0000000081a00000|100%| O|  |TAMS 0x0000000081900000| PB 0x0000000081900000| Untracked 
|  26|0x0000000081a00000, 0x0000000081b00000, 0x0000000081b00000|100%|HS|  |TAMS 0x0000000081a00000| PB 0x0000000081a00000| Complete 
|  27|0x0000000081b00000, 0x0000000081c00000, 0x0000000081c00000|100%|HC|  |TAMS 0x0000000081b00000| PB 0x0000000081b00000| Complete 
|  28|0x0000000081c00000, 0x0000000081d00000, 0x0000000081d00000|100%| O|  |TAMS 0x0000000081c00000| PB 0x0000000081c00000| Untracked 
|  29|0x0000000081d00000, 0x0000000081e00000, 0x0000000081e00000|100%| O|  |TAMS 0x0000000081d00000| PB 0x0000000081d00000| Untracked 
|  30|0x0000000081e00000, 0x0000000081effa28, 0x0000000081f00000| 99%| O|  |TAMS 0x0000000081e00000| PB 0x0000000081e00000| Untracked 
|  31|0x0000000081f00000, 0x0000000082000000, 0x0000000082000000|100%| O|  |TAMS 0x0000000081f00000| PB 0x0000000081f00000| Untracked 
|  32|0x0000000082000000, 0x0000000082100000, 0x0000000082100000|100%| O|  |TAMS 0x0000000082000000| PB 0x0000000082000000| Untracked 
|  33|0x0000000082100000, 0x0000000082100000, 0x0000000082200000|  0%| F|  |TAMS 0x0000000082100000| PB 0x0000000082100000| Untracked 
|  34|0x0000000082200000, 0x0000000082300000, 0x0000000082300000|100%| O|  |TAMS 0x0000000082200000| PB 0x0000000082200000| Untracked 
|  35|0x0000000082300000, 0x0000000082400000, 0x0000000082400000|100%| O|  |TAMS 0x0000000082300000| PB 0x0000000082300000| Untracked 
|  36|0x0000000082400000, 0x0000000082500000, 0x0000000082500000|100%| O|  |TAMS 0x0000000082400000| PB 0x0000000082400000| Untracked 
|  37|0x0000000082500000, 0x0000000082600000, 0x0000000082600000|100%| O|  |TAMS 0x0000000082500000| PB 0x0000000082500000| Untracked 
|  38|0x0000000082600000, 0x0000000082700000, 0x0000000082700000|100%| O|  |TAMS 0x0000000082600000| PB 0x0000000082600000| Untracked 
|  39|0x0000000082700000, 0x0000000082700000, 0x0000000082800000|  0%| F|  |TAMS 0x0000000082700000| PB 0x0000000082700000| Untracked 
|  40|0x0000000082800000, 0x0000000082800000, 0x0000000082900000|  0%| F|  |TAMS 0x0000000082800000| PB 0x0000000082800000| Untracked 
|  41|0x0000000082900000, 0x0000000082900000, 0x0000000082a00000|  0%| F|  |TAMS 0x0000000082900000| PB 0x0000000082900000| Untracked 
|  42|0x0000000082a00000, 0x0000000082a00000, 0x0000000082b00000|  0%| F|  |TAMS 0x0000000082a00000| PB 0x0000000082a00000| Untracked 
|  43|0x0000000082b00000, 0x0000000082c00000, 0x0000000082c00000|100%| S|CS|TAMS 0x0000000082b00000| PB 0x0000000082b00000| Complete 
|  44|0x0000000082c00000, 0x0000000082d00000, 0x0000000082d00000|100%| O|  |TAMS 0x0000000082c00000| PB 0x0000000082c00000| Untracked 
|  45|0x0000000082d00000, 0x0000000082e00000, 0x0000000082e00000|100%| S|CS|TAMS 0x0000000082d00000| PB 0x0000000082d00000| Complete 
|  46|0x0000000082e00000, 0x0000000082f00000, 0x0000000082f00000|100%| S|CS|TAMS 0x0000000082e00000| PB 0x0000000082e00000| Complete 
|  47|0x0000000082f00000, 0x0000000083000000, 0x0000000083000000|100%| S|CS|TAMS 0x0000000082f00000| PB 0x0000000082f00000| Complete 
|  48|0x0000000083000000, 0x0000000083100000, 0x0000000083100000|100%| O|  |TAMS 0x0000000083000000| PB 0x0000000083000000| Untracked 
|  49|0x0000000083100000, 0x0000000083200000, 0x0000000083200000|100%| O|  |TAMS 0x0000000083100000| PB 0x0000000083100000| Untracked 
|  50|0x0000000083200000, 0x0000000083300000, 0x0000000083300000|100%| S|CS|TAMS 0x0000000083200000| PB 0x0000000083200000| Complete 
|  51|0x0000000083300000, 0x0000000083300000, 0x0000000083400000|  0%| F|  |TAMS 0x0000000083300000| PB 0x0000000083300000| Untracked 
|  52|0x0000000083400000, 0x0000000083400000, 0x0000000083500000|  0%| F|  |TAMS 0x0000000083400000| PB 0x0000000083400000| Untracked 
|  53|0x0000000083500000, 0x0000000083500000, 0x0000000083600000|  0%| F|  |TAMS 0x0000000083500000| PB 0x0000000083500000| Untracked 
|  54|0x0000000083600000, 0x0000000083700000, 0x0000000083700000|100%| S|CS|TAMS 0x0000000083600000| PB 0x0000000083600000| Complete 
|  55|0x0000000083700000, 0x0000000083700000, 0x0000000083800000|  0%| F|  |TAMS 0x0000000083700000| PB 0x0000000083700000| Untracked 
|  56|0x0000000083800000, 0x0000000083800000, 0x0000000083900000|  0%| F|  |TAMS 0x0000000083800000| PB 0x0000000083800000| Untracked 
|  57|0x0000000083900000, 0x0000000083900000, 0x0000000083a00000|  0%| F|  |TAMS 0x0000000083900000| PB 0x0000000083900000| Untracked 
|  58|0x0000000083a00000, 0x0000000083a00000, 0x0000000083b00000|  0%| F|  |TAMS 0x0000000083a00000| PB 0x0000000083a00000| Untracked 
|  59|0x0000000083b00000, 0x0000000083b00000, 0x0000000083c00000|  0%| F|  |TAMS 0x0000000083b00000| PB 0x0000000083b00000| Untracked 
|  60|0x0000000083c00000, 0x0000000083c00000, 0x0000000083d00000|  0%| F|  |TAMS 0x0000000083c00000| PB 0x0000000083c00000| Untracked 
|  61|0x0000000083d00000, 0x0000000083d00000, 0x0000000083e00000|  0%| F|  |TAMS 0x0000000083d00000| PB 0x0000000083d00000| Untracked 
|  62|0x0000000083e00000, 0x0000000083e00000, 0x0000000083f00000|  0%| F|  |TAMS 0x0000000083e00000| PB 0x0000000083e00000| Untracked 
|  63|0x0000000083f00000, 0x0000000083f00000, 0x0000000084000000|  0%| F|  |TAMS 0x0000000083f00000| PB 0x0000000083f00000| Untracked 
|  64|0x0000000084000000, 0x0000000084000000, 0x0000000084100000|  0%| F|  |TAMS 0x0000000084000000| PB 0x0000000084000000| Untracked 
|  65|0x0000000084100000, 0x0000000084100000, 0x0000000084200000|  0%| F|  |TAMS 0x0000000084100000| PB 0x0000000084100000| Untracked 
|  66|0x0000000084200000, 0x0000000084200000, 0x0000000084300000|  0%| F|  |TAMS 0x0000000084200000| PB 0x0000000084200000| Untracked 
|  67|0x0000000084300000, 0x0000000084300000, 0x0000000084400000|  0%| F|  |TAMS 0x0000000084300000| PB 0x0000000084300000| Untracked 
|  68|0x0000000084400000, 0x0000000084400000, 0x0000000084500000|  0%| F|  |TAMS 0x0000000084400000| PB 0x0000000084400000| Untracked 
|  69|0x0000000084500000, 0x0000000084500000, 0x0000000084600000|  0%| F|  |TAMS 0x0000000084500000| PB 0x0000000084500000| Untracked 
|  70|0x0000000084600000, 0x0000000084600000, 0x0000000084700000|  0%| F|  |TAMS 0x0000000084600000| PB 0x0000000084600000| Untracked 
|  71|0x0000000084700000, 0x0000000084700000, 0x0000000084800000|  0%| F|  |TAMS 0x0000000084700000| PB 0x0000000084700000| Untracked 
|  72|0x0000000084800000, 0x0000000084800000, 0x0000000084900000|  0%| F|  |TAMS 0x0000000084800000| PB 0x0000000084800000| Untracked 
|  73|0x0000000084900000, 0x0000000084900000, 0x0000000084a00000|  0%| F|  |TAMS 0x0000000084900000| PB 0x0000000084900000| Untracked 
|  74|0x0000000084a00000, 0x0000000084a00000, 0x0000000084b00000|  0%| F|  |TAMS 0x0000000084a00000| PB 0x0000000084a00000| Untracked 
|  75|0x0000000084b00000, 0x0000000084b00000, 0x0000000084c00000|  0%| F|  |TAMS 0x0000000084b00000| PB 0x0000000084b00000| Untracked 
|  76|0x0000000084c00000, 0x0000000084c00000, 0x0000000084d00000|  0%| F|  |TAMS 0x0000000084c00000| PB 0x0000000084c00000| Untracked 
|  77|0x0000000084d00000, 0x0000000084d00000, 0x0000000084e00000|  0%| F|  |TAMS 0x0000000084d00000| PB 0x0000000084d00000| Untracked 
|  78|0x0000000084e00000, 0x0000000084e00000, 0x0000000084f00000|  0%| F|  |TAMS 0x0000000084e00000| PB 0x0000000084e00000| Untracked 
|  79|0x0000000084f00000, 0x0000000084f00000, 0x0000000085000000|  0%| F|  |TAMS 0x0000000084f00000| PB 0x0000000084f00000| Untracked 
|  80|0x0000000085000000, 0x0000000085000000, 0x0000000085100000|  0%| F|  |TAMS 0x0000000085000000| PB 0x0000000085000000| Untracked 
|  81|0x0000000085100000, 0x0000000085130a30, 0x0000000085200000| 18%| E|  |TAMS 0x0000000085100000| PB 0x0000000085100000| Complete 
|  82|0x0000000085200000, 0x0000000085300000, 0x0000000085300000|100%| E|CS|TAMS 0x0000000085200000| PB 0x0000000085200000| Complete 
|  83|0x0000000085300000, 0x0000000085400000, 0x0000000085400000|100%| E|CS|TAMS 0x0000000085300000| PB 0x0000000085300000| Complete 
|  84|0x0000000085400000, 0x0000000085500000, 0x0000000085500000|100%| E|CS|TAMS 0x0000000085400000| PB 0x0000000085400000| Complete 
| 101|0x0000000086500000, 0x0000000086600000, 0x0000000086600000|100%| E|CS|TAMS 0x0000000086500000| PB 0x0000000086500000| Complete 
| 102|0x0000000086600000, 0x0000000086700000, 0x0000000086700000|100%| E|CS|TAMS 0x0000000086600000| PB 0x0000000086600000| Complete 
| 103|0x0000000086700000, 0x0000000086800000, 0x0000000086800000|100%| E|CS|TAMS 0x0000000086700000| PB 0x0000000086700000| Complete 
| 104|0x0000000086800000, 0x0000000086900000, 0x0000000086900000|100%| E|CS|TAMS 0x0000000086800000| PB 0x0000000086800000| Complete 
| 105|0x0000000086900000, 0x0000000086a00000, 0x0000000086a00000|100%| E|CS|TAMS 0x0000000086900000| PB 0x0000000086900000| Complete 
| 106|0x0000000086a00000, 0x0000000086b00000, 0x0000000086b00000|100%| E|CS|TAMS 0x0000000086a00000| PB 0x0000000086a00000| Complete 
| 107|0x0000000086b00000, 0x0000000086c00000, 0x0000000086c00000|100%| E|CS|TAMS 0x0000000086b00000| PB 0x0000000086b00000| Complete 
| 108|0x0000000086c00000, 0x0000000086d00000, 0x0000000086d00000|100%| E|CS|TAMS 0x0000000086c00000| PB 0x0000000086c00000| Complete 
| 109|0x0000000086d00000, 0x0000000086e00000, 0x0000000086e00000|100%| E|CS|TAMS 0x0000000086d00000| PB 0x0000000086d00000| Complete 
| 110|0x0000000086e00000, 0x0000000086f00000, 0x0000000086f00000|100%| E|CS|TAMS 0x0000000086e00000| PB 0x0000000086e00000| Complete 
| 111|0x0000000086f00000, 0x0000000087000000, 0x0000000087000000|100%| E|CS|TAMS 0x0000000086f00000| PB 0x0000000086f00000| Complete 
| 112|0x0000000087000000, 0x0000000087100000, 0x0000000087100000|100%| E|CS|TAMS 0x0000000087000000| PB 0x0000000087000000| Complete 
| 113|0x0000000087100000, 0x0000000087200000, 0x0000000087200000|100%| E|CS|TAMS 0x0000000087100000| PB 0x0000000087100000| Complete 
| 114|0x0000000087200000, 0x0000000087300000, 0x0000000087300000|100%| E|CS|TAMS 0x0000000087200000| PB 0x0000000087200000| Complete 
| 253|0x000000008fd00000, 0x000000008fe00000, 0x000000008fe00000|100%| E|CS|TAMS 0x000000008fd00000| PB 0x000000008fd00000| Complete 
|2042|0x00000000ffa00000, 0x00000000ffb00000, 0x00000000ffb00000|100%| O|  |TAMS 0x00000000ffa00000| PB 0x00000000ffa00000| Untracked 
|2043|0x00000000ffb00000, 0x00000000ffc00000, 0x00000000ffc00000|100%| O|  |TAMS 0x00000000ffb00000| PB 0x00000000ffb00000| Untracked 
|2044|0x00000000ffc00000, 0x00000000ffd00000, 0x00000000ffd00000|100%| O|  |TAMS 0x00000000ffc00000| PB 0x00000000ffc00000| Untracked 
|2045|0x00000000ffd00000, 0x00000000ffe00000, 0x00000000ffe00000|100%| O|  |TAMS 0x00000000ffd00000| PB 0x00000000ffd00000| Untracked 
|2046|0x00000000ffe00000, 0x00000000fff00000, 0x00000000fff00000|100%| O|  |TAMS 0x00000000ffe00000| PB 0x00000000ffe00000| Untracked 
|2047|0x00000000fff00000, 0x0000000100000000, 0x0000000100000000|100%| O|  |TAMS 0x00000000fff00000| PB 0x00000000fff00000| Untracked 

Card table byte_map: [0x000001b05cb50000,0x000001b05cf50000] _byte_map_base: 0x000001b05c750000

Marking Bits: (CMBitMap*) 0x000001b04a317b50
 Bits: [0x000001b05cf50000, 0x000001b05ef50000)

Polling page: 0x000001b0480d0000

Metaspace:

Usage:
  Non-class:     55.90 MB used.
      Class:      9.06 MB used.
       Both:     64.96 MB used.

Virtual space:
  Non-class space:       64.00 MB reserved,      56.75 MB ( 89%) committed,  1 nodes.
      Class space:        1.00 GB reserved,       9.81 MB ( <1%) committed,  1 nodes.
             Both:        1.06 GB reserved,      66.56 MB (  6%) committed. 

Chunk freelists:
   Non-Class:  6.72 MB
       Class:  6.12 MB
        Both:  12.84 MB

MaxMetaspaceSize: unlimited
CompressedClassSpaceSize: 1.00 GB
Initial GC threshold: 21.00 MB
Current GC threshold: 98.69 MB
CDS: off
 - commit_granule_bytes: 65536.
 - commit_granule_words: 8192.
 - virtual_space_node_default_size: 8388608.
 - enlarge_chunks_in_place: 1.
 - use_allocation_guard: 0.


Internal statistics:

num_allocs_failed_limit: 9.
num_arena_births: 3104.
num_arena_deaths: 0.
num_vsnodes_births: 2.
num_vsnodes_deaths: 0.
num_space_committed: 1065.
num_space_uncommitted: 0.
num_chunks_returned_to_freelist: 9.
num_chunks_taken_from_freelist: 5804.
num_chunk_merges: 9.
num_chunk_splits: 3771.
num_chunks_enlarged: 2322.
num_inconsistent_stats: 0.

CodeHeap 'non-profiled nmethods': size=120000Kb used=4899Kb max_used=4899Kb free=115100Kb
 bounds [0x000001b054ef0000, 0x000001b0553c0000, 0x000001b05c420000]
CodeHeap 'profiled nmethods': size=120000Kb used=14603Kb max_used=14603Kb free=105397Kb
 bounds [0x000001b04d420000, 0x000001b04e270000, 0x000001b054950000]
CodeHeap 'non-nmethods': size=5760Kb used=2582Kb max_used=2738Kb free=3177Kb
 bounds [0x000001b054950000, 0x000001b054c10000, 0x000001b054ef0000]
CodeCache: size=245760Kb, used=22084Kb, max_used=22240Kb, free=223674Kb
 total_blobs=8581, nmethods=7707, adapters=778, full_count=0
Compilation: enabled, stopped_count=0, restarted_count=0

Compilation events (20 events):
Event: 7.293 Thread 0x000001b061afca60 nmethod 8318 0x000001b04e233a90 code [0x000001b04e233c60, 0x000001b04e233f78]
Event: 7.293 Thread 0x000001b061afca60 8321       3       org.gradle.api.internal.artifacts.transform.TransformExecutionResult$Builder$MixedInputAndProducedOutputResult$$Lambda/0x0000000100855ea0::resolveForInputArtifact (9 bytes)
Event: 7.294 Thread 0x000001b061afca60 nmethod 8321 0x000001b04e234110 code [0x000001b04e234380, 0x000001b04e234f18]
Event: 7.294 Thread 0x000001b061afca60 8322       3       org.gradle.api.internal.artifacts.transform.TransformExecutionResult$Builder$MixedInputAndProducedOutputResult::lambda$resolveForWorkspace$2 (27 bytes)
Event: 7.295 Thread 0x000001b061afca60 nmethod 8322 0x000001b04e235310 code [0x000001b04e235580, 0x000001b04e236088]
Event: 7.295 Thread 0x000001b061afca60 8323       3       java.nio.channels.Channels::newInputStream (12 bytes)
Event: 7.295 Thread 0x000001b061afca60 nmethod 8323 0x000001b04e236490 code [0x000001b04e2366a0, 0x000001b04e236dc0]
Event: 7.295 Thread 0x000001b061afca60 8325   !   3       org.gradle.api.internal.artifacts.transform.TransformExecutionResultSerializer::readResultsFile (160 bytes)
Event: 7.297 Thread 0x000001b061afca60 nmethod 8325 0x000001b04e237010 code [0x000001b04e2374c0, 0x000001b04e239448]
Event: 7.297 Thread 0x000001b061afca60 8326       3       org.gradle.internal.execution.steps.ExecuteWorkBuildOperationFiringStep$ExecuteWorkResult::<init> (26 bytes)
Event: 7.297 Thread 0x000001b061afca60 nmethod 8326 0x000001b04e23a510 code [0x000001b04e23a6c0, 0x000001b04e23a998]
Event: 7.297 Thread 0x000001b061afca60 8324       3       org.gradle.internal.execution.steps.ExecuteWorkBuildOperationFiringStep$$Lambda/0x000000010084fca8::<init> (10 bytes)
Event: 7.297 Thread 0x000001b061afca60 nmethod 8324 0x000001b04e23aa90 code [0x000001b04e23ac40, 0x000001b04e23adf8]
Event: 7.302 Thread 0x000001b061afca60 8329       3       com.google.common.cache.Striped64$Cell::cas (13 bytes)
Event: 7.303 Thread 0x000001b061afca60 nmethod 8329 0x000001b04e23ae90 code [0x000001b04e23b040, 0x000001b04e23b1d8]
Event: 7.304 Thread 0x000001b061afca60 8330   !   3       org.gradle.internal.snapshot.impl.DirectorySnapshotter::snapshot (118 bytes)
Event: 7.306 Thread 0x000001b061afca60 nmethod 8330 0x000001b04e23b290 code [0x000001b04e23b5e0, 0x000001b04e23cb38]
Event: 7.307 Thread 0x000001b061afca60 8331       3       org.gradle.internal.Try$Success::getFailure (4 bytes)
Event: 7.307 Thread 0x000001b061afca60 nmethod 8331 0x000001b04e23d510 code [0x000001b04e23d6c0, 0x000001b04e23d830]
Event: 7.308 Thread 0x000001b061afca60 8332       3       org.gradle.api.internal.artifacts.transform.DefaultTransformInvocationFactory::createInvocation (273 bytes)

GC Heap History (20 events):
Event: 2.014 GC heap before
{Heap before GC invocations=2 (full 0):
 garbage-first heap   total 260096K, used 147645K [0x0000000080000000, 0x0000000100000000)
  region size 1024K, 139 young (142336K), 5 survivors (5120K)
 Metaspace       used 21168K, committed 21504K, reserved 1114112K
  class space    used 2506K, committed 2688K, reserved 1048576K
}
Event: 2.021 GC heap after
{Heap after GC invocations=3 (full 0):
 garbage-first heap   total 260096K, used 20300K [0x0000000080000000, 0x0000000100000000)
  region size 1024K, 14 young (14336K), 14 survivors (14336K)
 Metaspace       used 21168K, committed 21504K, reserved 1114112K
  class space    used 2506K, committed 2688K, reserved 1048576K
}
Event: 2.763 GC heap before
{Heap before GC invocations=4 (full 0):
 garbage-first heap   total 71680K, used 70476K [0x0000000080000000, 0x0000000100000000)
  region size 1024K, 63 young (64512K), 14 survivors (14336K)
 Metaspace       used 29237K, committed 29760K, reserved 1114112K
  class space    used 3821K, committed 4096K, reserved 1048576K
}
Event: 2.771 GC heap after
{Heap after GC invocations=5 (full 0):
 garbage-first heap   total 90112K, used 23370K [0x0000000080000000, 0x0000000100000000)
  region size 1024K, 12 young (12288K), 12 survivors (12288K)
 Metaspace       used 29237K, committed 29760K, reserved 1114112K
  class space    used 3821K, committed 4096K, reserved 1048576K
}
Event: 3.316 GC heap before
{Heap before GC invocations=5 (full 0):
 garbage-first heap   total 90112K, used 64330K [0x0000000080000000, 0x0000000100000000)
  region size 1024K, 52 young (53248K), 12 survivors (12288K)
 Metaspace       used 34723K, committed 35520K, reserved 1114112K
  class space    used 4799K, committed 5184K, reserved 1048576K
}
Event: 3.323 GC heap after
{Heap after GC invocations=6 (full 0):
 garbage-first heap   total 90112K, used 26089K [0x0000000080000000, 0x0000000100000000)
  region size 1024K, 7 young (7168K), 7 survivors (7168K)
 Metaspace       used 34723K, committed 35520K, reserved 1114112K
  class space    used 4799K, committed 5184K, reserved 1048576K
}
Event: 3.351 GC heap before
{Heap before GC invocations=6 (full 0):
 garbage-first heap   total 90112K, used 28137K [0x0000000080000000, 0x0000000100000000)
  region size 1024K, 10 young (10240K), 7 survivors (7168K)
 Metaspace       used 35202K, committed 35968K, reserved 1114112K
  class space    used 4859K, committed 5248K, reserved 1048576K
}
Event: 3.354 GC heap after
{Heap after GC invocations=7 (full 0):
 garbage-first heap   total 90112K, used 26338K [0x0000000080000000, 0x0000000100000000)
  region size 1024K, 4 young (4096K), 4 survivors (4096K)
 Metaspace       used 35202K, committed 35968K, reserved 1114112K
  class space    used 4859K, committed 5248K, reserved 1048576K
}
Event: 4.015 GC heap before
{Heap before GC invocations=8 (full 0):
 garbage-first heap   total 90112K, used 73442K [0x0000000080000000, 0x0000000100000000)
  region size 1024K, 51 young (52224K), 4 survivors (4096K)
 Metaspace       used 44153K, committed 44928K, reserved 1114112K
  class space    used 6034K, committed 6400K, reserved 1048576K
}
Event: 4.020 GC heap after
{Heap after GC invocations=9 (full 0):
 garbage-first heap   total 108544K, used 30369K [0x0000000080000000, 0x0000000100000000)
  region size 1024K, 7 young (7168K), 7 survivors (7168K)
 Metaspace       used 44153K, committed 44928K, reserved 1114112K
  class space    used 6034K, committed 6400K, reserved 1048576K
}
Event: 4.580 GC heap before
{Heap before GC invocations=9 (full 0):
 garbage-first heap   total 108544K, used 91809K [0x0000000080000000, 0x0000000100000000)
  region size 1024K, 63 young (64512K), 7 survivors (7168K)
 Metaspace       used 49433K, committed 50560K, reserved 1114112K
  class space    used 6759K, committed 7296K, reserved 1048576K
}
Event: 4.586 GC heap after
{Heap after GC invocations=10 (full 0):
 garbage-first heap   total 108544K, used 34172K [0x0000000080000000, 0x0000000100000000)
  region size 1024K, 8 young (8192K), 8 survivors (8192K)
 Metaspace       used 49433K, committed 50560K, reserved 1114112K
  class space    used 6759K, committed 7296K, reserved 1048576K
}
Event: 5.264 GC heap before
{Heap before GC invocations=10 (full 0):
 garbage-first heap   total 108544K, used 89468K [0x0000000080000000, 0x0000000100000000)
  region size 1024K, 63 young (64512K), 8 survivors (8192K)
 Metaspace       used 55821K, committed 57216K, reserved 1114112K
  class space    used 7829K, committed 8512K, reserved 1048576K
}
Event: 5.272 GC heap after
{Heap after GC invocations=11 (full 0):
 garbage-first heap   total 108544K, used 39207K [0x0000000080000000, 0x0000000100000000)
  region size 1024K, 5 young (5120K), 5 survivors (5120K)
 Metaspace       used 55821K, committed 57216K, reserved 1114112K
  class space    used 7829K, committed 8512K, reserved 1048576K
}
Event: 6.026 GC heap before
{Heap before GC invocations=11 (full 0):
 garbage-first heap   total 108544K, used 93479K [0x0000000080000000, 0x0000000100000000)
  region size 1024K, 57 young (58368K), 5 survivors (5120K)
 Metaspace       used 58807K, committed 60288K, reserved 1114112K
  class space    used 8267K, committed 8960K, reserved 1048576K
}
Event: 6.032 GC heap after
{Heap after GC invocations=12 (full 0):
 garbage-first heap   total 108544K, used 46403K [0x0000000080000000, 0x0000000100000000)
  region size 1024K, 8 young (8192K), 8 survivors (8192K)
 Metaspace       used 58807K, committed 60288K, reserved 1114112K
  class space    used 8267K, committed 8960K, reserved 1048576K
}
Event: 6.577 GC heap before
{Heap before GC invocations=13 (full 0):
 garbage-first heap   total 108544K, used 94531K [0x0000000080000000, 0x0000000100000000)
  region size 1024K, 54 young (55296K), 8 survivors (8192K)
 Metaspace       used 65341K, committed 66944K, reserved 1114112K
  class space    used 9216K, committed 9984K, reserved 1048576K
}
Event: 6.582 GC heap after
{Heap after GC invocations=14 (full 0):
 garbage-first heap   total 108544K, used 49701K [0x0000000080000000, 0x0000000100000000)
  region size 1024K, 3 young (3072K), 3 survivors (3072K)
 Metaspace       used 65341K, committed 66944K, reserved 1114112K
  class space    used 9216K, committed 9984K, reserved 1048576K
}
Event: 7.222 GC heap before
{Heap before GC invocations=14 (full 0):
 garbage-first heap   total 108544K, used 94757K [0x0000000080000000, 0x0000000100000000)
  region size 1024K, 48 young (49152K), 3 survivors (3072K)
 Metaspace       used 66369K, committed 68032K, reserved 1114112K
  class space    used 9276K, committed 10048K, reserved 1048576K
}
Event: 7.228 GC heap after
{Heap after GC invocations=15 (full 0):
 garbage-first heap   total 108544K, used 53246K [0x0000000080000000, 0x0000000100000000)
  region size 1024K, 6 young (6144K), 6 survivors (6144K)
 Metaspace       used 66369K, committed 68032K, reserved 1114112K
  class space    used 9276K, committed 10048K, reserved 1048576K
}

Dll operation events (3 events):
Event: 0.006 Loaded shared library C:\Program Files\Android\Android Studio\jbr\bin\java.dll
Event: 0.010 Loaded shared library C:\Program Files\Android\Android Studio\jbr\bin\zip.dll
Event: 0.510 Loaded shared library C:\Program Files\Android\Android Studio\jbr\bin\verify.dll

Deoptimization events (20 events):
Event: 6.926 Thread 0x000001b06646bd00 Uncommon trap: trap_request=0xffffffde fr.pc=0x000001b055316724 relative=0x00000000000002e4
Event: 6.926 Thread 0x000001b06646bd00 Uncommon trap: reason=class_check action=maybe_recompile pc=0x000001b055316724 method=java.util.concurrent.ConcurrentHashMap.get(Ljava/lang/Object;)Ljava/lang/Object; @ 93 c2
Event: 6.926 Thread 0x000001b06646bd00 DEOPT PACKING pc=0x000001b055316724 sp=0x0000004d7e0fe760
Event: 6.926 Thread 0x000001b06646bd00 DEOPT UNPACKING pc=0x000001b0549a43a2 sp=0x0000004d7e0fe6c8 mode 2
Event: 7.056 Thread 0x000001b068393920 Uncommon trap: trap_request=0xffffff45 fr.pc=0x000001b05525ae14 relative=0x0000000000000074
Event: 7.056 Thread 0x000001b068393920 Uncommon trap: reason=unstable_if action=reinterpret pc=0x000001b05525ae14 method=org.gradle.internal.snapshot.PathUtil.compareCharsIgnoringCase(CC)I @ 11 c2
Event: 7.056 Thread 0x000001b068393920 DEOPT PACKING pc=0x000001b05525ae14 sp=0x0000004d7aff3760
Event: 7.056 Thread 0x000001b068393920 DEOPT UNPACKING pc=0x000001b0549a43a2 sp=0x0000004d7aff36f0 mode 2
Event: 7.058 Thread 0x000001b068393920 Uncommon trap: trap_request=0xffffff45 fr.pc=0x000001b055244844 relative=0x0000000000000244
Event: 7.058 Thread 0x000001b068393920 Uncommon trap: reason=unstable_if action=reinterpret pc=0x000001b055244844 method=org.gradle.internal.snapshot.PathUtil.equalChars(CCLorg/gradle/internal/snapshot/CaseSensitivity;)Z @ 11 c2
Event: 7.058 Thread 0x000001b068393920 DEOPT PACKING pc=0x000001b055244844 sp=0x0000004d7aff3c70
Event: 7.058 Thread 0x000001b068393920 DEOPT UNPACKING pc=0x000001b0549a43a2 sp=0x0000004d7aff3bf8 mode 2
Event: 7.062 Thread 0x000001b068393920 Uncommon trap: trap_request=0xffffff45 fr.pc=0x000001b055256ad4 relative=0x0000000000000874
Event: 7.062 Thread 0x000001b068393920 Uncommon trap: reason=unstable_if action=reinterpret pc=0x000001b055256ad4 method=org.gradle.internal.snapshot.VfsRelativePath.isPrefix(Ljava/lang/String;ILjava/lang/String;ILorg/gradle/internal/snapshot/CaseSensitivity;)Z @ 101 c2
Event: 7.062 Thread 0x000001b068393920 DEOPT PACKING pc=0x000001b055256ad4 sp=0x0000004d7aff4af0
Event: 7.062 Thread 0x000001b068393920 DEOPT UNPACKING pc=0x000001b0549a43a2 sp=0x0000004d7aff4a78 mode 2
Event: 7.074 Thread 0x000001b068393920 Uncommon trap: trap_request=0xffffff45 fr.pc=0x000001b055395e74 relative=0x0000000000000374
Event: 7.074 Thread 0x000001b068393920 Uncommon trap: reason=unstable_if action=reinterpret pc=0x000001b055395e74 method=org.gradle.internal.snapshot.PathUtil.equalChars(CCLorg/gradle/internal/snapshot/CaseSensitivity;)Z @ 40 c2
Event: 7.074 Thread 0x000001b068393920 DEOPT PACKING pc=0x000001b055395e74 sp=0x0000004d7aff4fe0
Event: 7.074 Thread 0x000001b068393920 DEOPT UNPACKING pc=0x000001b0549a43a2 sp=0x0000004d7aff4f70 mode 2

Classes loaded (20 events):
Event: 6.411 Loading class javax/net/ssl/SSLException
Event: 6.411 Loading class javax/net/ssl/SSLException done
Event: 6.411 Loading class javax/net/ssl/SSLPeerUnverifiedException
Event: 6.411 Loading class javax/net/ssl/SSLPeerUnverifiedException done
Event: 6.411 Loading class javax/naming/NamingException
Event: 6.412 Loading class javax/naming/NamingException done
Event: 6.412 Loading class javax/naming/InvalidNameException
Event: 6.412 Loading class javax/naming/InvalidNameException done
Event: 6.412 Loading class java/security/cert/CertificateParsingException
Event: 6.412 Loading class java/security/cert/CertificateException
Event: 6.412 Loading class java/security/cert/CertificateException done
Event: 6.412 Loading class java/security/cert/CertificateParsingException done
Event: 6.827 Loading class java/util/Collections$ReverseComparator
Event: 6.827 Loading class java/util/Collections$ReverseComparator done
Event: 6.827 Loading class java/util/Comparators$NaturalOrderComparator
Event: 6.827 Loading class java/util/Comparators$NaturalOrderComparator done
Event: 6.827 Loading class java/util/Collections$ReverseComparator2
Event: 6.827 Loading class java/util/Collections$ReverseComparator2 done
Event: 6.906 Loading class java/util/LinkedList$LLSpliterator
Event: 6.907 Loading class java/util/LinkedList$LLSpliterator done

Classes unloaded (0 events):
No events

Classes redefined (0 events):
No events

Internal exceptions (20 events):
Event: 6.872 Thread 0x000001b068393920 Exception <a 'sun/nio/fs/WindowsException'{0x000000008675d378}> (0x000000008675d378) 
thrown [s\src\hotspot\share\prims\jni.cpp, line 537]
Event: 6.873 Thread 0x000001b068393920 Exception <a 'sun/nio/fs/WindowsException'{0x000000008676f068}> (0x000000008676f068) 
thrown [s\src\hotspot\share\prims\jni.cpp, line 537]
Event: 6.874 Thread 0x000001b068393920 Exception <a 'sun/nio/fs/WindowsException'{0x000000008677b748}> (0x000000008677b748) 
thrown [s\src\hotspot\share\prims\jni.cpp, line 537]
Event: 6.875 Thread 0x000001b068393920 Exception <a 'sun/nio/fs/WindowsException'{0x000000008678ce68}> (0x000000008678ce68) 
thrown [s\src\hotspot\share\prims\jni.cpp, line 537]
Event: 6.877 Thread 0x000001b068393920 Exception <a 'sun/nio/fs/WindowsException'{0x0000000086799a98}> (0x0000000086799a98) 
thrown [s\src\hotspot\share\prims\jni.cpp, line 537]
Event: 6.878 Thread 0x000001b068393920 Exception <a 'sun/nio/fs/WindowsException'{0x00000000867a5df0}> (0x00000000867a5df0) 
thrown [s\src\hotspot\share\prims\jni.cpp, line 537]
Event: 6.880 Thread 0x000001b068393920 Exception <a 'sun/nio/fs/WindowsException'{0x00000000867b3c88}> (0x00000000867b3c88) 
thrown [s\src\hotspot\share\prims\jni.cpp, line 537]
Event: 6.882 Thread 0x000001b068393920 Exception <a 'sun/nio/fs/WindowsException'{0x00000000867cb1c8}> (0x00000000867cb1c8) 
thrown [s\src\hotspot\share\prims\jni.cpp, line 537]
Event: 6.882 Thread 0x000001b068393920 Exception <a 'sun/nio/fs/WindowsException'{0x00000000867d81f8}> (0x00000000867d81f8) 
thrown [s\src\hotspot\share\prims\jni.cpp, line 537]
Event: 6.884 Thread 0x000001b068393920 Exception <a 'sun/nio/fs/WindowsException'{0x00000000867e8030}> (0x00000000867e8030) 
thrown [s\src\hotspot\share\prims\jni.cpp, line 537]
Event: 6.886 Thread 0x000001b068393920 Exception <a 'sun/nio/fs/WindowsException'{0x00000000867f9c38}> (0x00000000867f9c38) 
thrown [s\src\hotspot\share\prims\jni.cpp, line 537]
Event: 6.888 Thread 0x000001b068393920 Exception <a 'sun/nio/fs/WindowsException'{0x000000008660cc88}> (0x000000008660cc88) 
thrown [s\src\hotspot\share\prims\jni.cpp, line 537]
Event: 6.889 Thread 0x000001b068393920 Exception <a 'sun/nio/fs/WindowsException'{0x0000000086626630}> (0x0000000086626630) 
thrown [s\src\hotspot\share\prims\jni.cpp, line 537]
Event: 6.890 Thread 0x000001b068393920 Exception <a 'sun/nio/fs/WindowsException'{0x000000008663cd38}> (0x000000008663cd38) 
thrown [s\src\hotspot\share\prims\jni.cpp, line 537]
Event: 6.892 Thread 0x000001b068393920 Exception <a 'sun/nio/fs/WindowsException'{0x0000000086653e48}> (0x0000000086653e48) 
thrown [s\src\hotspot\share\prims\jni.cpp, line 537]
Event: 6.893 Thread 0x000001b068393920 Exception <a 'sun/nio/fs/WindowsException'{0x000000008666d9c0}> (0x000000008666d9c0) 
thrown [s\src\hotspot\share\prims\jni.cpp, line 537]
Event: 6.895 Thread 0x000001b068393920 Exception <a 'sun/nio/fs/WindowsException'{0x0000000086686ae0}> (0x0000000086686ae0) 
thrown [s\src\hotspot\share\prims\jni.cpp, line 537]
Event: 6.897 Thread 0x000001b068393920 Exception <a 'sun/nio/fs/WindowsException'{0x00000000866a7f80}> (0x00000000866a7f80) 
thrown [s\src\hotspot\share\prims\jni.cpp, line 537]
Event: 6.904 Thread 0x000001b068393920 Exception <a 'sun/nio/fs/WindowsException'{0x0000000086502ea0}> (0x0000000086502ea0) 
thrown [s\src\hotspot\share\prims\jni.cpp, line 537]
Event: 6.907 Thread 0x000001b068393920 Exception <a 'java/lang/IncompatibleClassChangeError'{0x00000000865278f8}: Found class java.lang.Object, but interface was expected> (0x00000000865278f8) 
thrown [s\src\hotspot\share\interpreter\linkResolver.cpp, line 851]

ZGC Phase Switch (0 events):
No events

VM Operations (20 events):
Event: 6.229 Executing VM operation: HandshakeAllThreads (Deoptimize)
Event: 6.229 Executing VM operation: HandshakeAllThreads (Deoptimize) done
Event: 6.236 Executing VM operation: HandshakeAllThreads (Deoptimize)
Event: 6.236 Executing VM operation: HandshakeAllThreads (Deoptimize) done
Event: 6.541 Executing VM operation: HandshakeAllThreads (Deoptimize)
Event: 6.541 Executing VM operation: HandshakeAllThreads (Deoptimize) done
Event: 6.571 Executing VM operation: HandshakeAllThreads (Deoptimize)
Event: 6.571 Executing VM operation: HandshakeAllThreads (Deoptimize) done
Event: 6.577 Executing VM operation: G1CollectForAllocation (G1 Evacuation Pause)
Event: 6.582 Executing VM operation: G1CollectForAllocation (G1 Evacuation Pause) done
Event: 6.753 Executing VM operation: ICBufferFull
Event: 6.753 Executing VM operation: ICBufferFull done
Event: 6.858 Executing VM operation: HandshakeAllThreads (Deoptimize)
Event: 6.858 Executing VM operation: HandshakeAllThreads (Deoptimize) done
Event: 6.925 Executing VM operation: ICBufferFull
Event: 6.925 Executing VM operation: ICBufferFull done
Event: 7.056 Executing VM operation: ICBufferFull
Event: 7.056 Executing VM operation: ICBufferFull done
Event: 7.222 Executing VM operation: G1CollectForAllocation (G1 Evacuation Pause)
Event: 7.228 Executing VM operation: G1CollectForAllocation (G1 Evacuation Pause) done

Memory protections (0 events):
No events

Nmethod flushes (20 events):
Event: 6.064 Thread 0x000001b061a91450 flushing  nmethod 0x000001b055031f90
Event: 6.064 Thread 0x000001b061a91450 flushing  nmethod 0x000001b055070710
Event: 6.064 Thread 0x000001b061a91450 flushing  nmethod 0x000001b055070c90
Event: 6.064 Thread 0x000001b061a91450 flushing  nmethod 0x000001b04d451c10
Event: 6.064 Thread 0x000001b061a91450 flushing  nmethod 0x000001b04d460290
Event: 6.064 Thread 0x000001b061a91450 flushing  nmethod 0x000001b04d516390
Event: 6.064 Thread 0x000001b061a91450 flushing  nmethod 0x000001b04d516e10
Event: 6.064 Thread 0x000001b061a91450 flushing  nmethod 0x000001b04d519310
Event: 6.064 Thread 0x000001b061a91450 flushing  nmethod 0x000001b04d51fe10
Event: 6.064 Thread 0x000001b061a91450 flushing  nmethod 0x000001b04d5afa90
Event: 6.064 Thread 0x000001b061a91450 flushing  nmethod 0x000001b04d614290
Event: 6.064 Thread 0x000001b061a91450 flushing  nmethod 0x000001b04d617810
Event: 6.064 Thread 0x000001b061a91450 flushing  nmethod 0x000001b04d644410
Event: 6.064 Thread 0x000001b061a91450 flushing  nmethod 0x000001b04d770b10
Event: 6.064 Thread 0x000001b061a91450 flushing  nmethod 0x000001b04d774c90
Event: 6.064 Thread 0x000001b061a91450 flushing  nmethod 0x000001b04d7b4690
Event: 6.064 Thread 0x000001b061a91450 flushing  nmethod 0x000001b04d897110
Event: 6.064 Thread 0x000001b061a91450 flushing  nmethod 0x000001b04d8a0590
Event: 6.064 Thread 0x000001b061a91450 flushing  nmethod 0x000001b04d962690
Event: 6.064 Thread 0x000001b061a91450 flushing  nmethod 0x000001b04d9e3010

Events (20 events):
Event: 6.924 Thread 0x000001b068393920 Thread added: 0x000001b06646bd00
Event: 6.924 Thread 0x000001b068393920 Thread added: 0x000001b066468f10
Event: 6.924 Thread 0x000001b068393920 Thread added: 0x000001b06646ca20
Event: 6.924 Thread 0x000001b068393920 Thread added: 0x000001b0664695a0
Event: 6.925 Thread 0x000001b068393920 Thread added: 0x000001b06646d0b0
Event: 6.925 Thread 0x000001b068393920 Thread added: 0x000001b066469c30
Event: 7.053 Thread 0x000001b068393920 Thread added: 0x000001b06646d740
Event: 7.054 Thread 0x000001b068393920 Thread added: 0x000001b06646ddd0
Event: 7.054 Thread 0x000001b068393920 Thread added: 0x000001b06646e460
Event: 7.055 Thread 0x000001b068393920 Thread added: 0x000001b06646afe0
Event: 7.056 Thread 0x000001b068393920 Thread added: 0x000001b06646eaf0
Event: 7.057 Thread 0x000001b068393920 Thread added: 0x000001b06646b670
Event: 7.058 Thread 0x000001b068393920 Thread added: 0x000001b06646f810
Event: 7.233 Thread 0x000001b068393920 Thread added: 0x000001b06646fea0
Event: 7.233 Thread 0x000001b068393920 Thread added: 0x000001b066470530
Event: 7.234 Thread 0x000001b068393920 Thread added: 0x000001b06a100a10
Event: 7.234 Thread 0x000001b068393920 Thread added: 0x000001b06a0fdc20
Event: 7.234 Thread 0x000001b068393920 Thread added: 0x000001b06a0fe2b0
Event: 7.235 Thread 0x000001b068393920 Thread added: 0x000001b06a101dc0
Event: 7.235 Thread 0x000001b068393920 Thread added: 0x000001b06a0ffcf0


Dynamic libraries:
0x00007ff7fb7c0000 - 0x00007ff7fb7ca000 	C:\Program Files\Android\Android Studio\jbr\bin\java.exe
0x00007ff985e00000 - 0x00007ff986068000 	C:\WINDOWS\SYSTEM32\ntdll.dll
0x00007ff985790000 - 0x00007ff985859000 	C:\WINDOWS\System32\KERNEL32.DLL
0x00007ff9837a0000 - 0x00007ff983b91000 	C:\WINDOWS\System32\KERNELBASE.dll
0x00007ff9826e0000 - 0x00007ff98282b000 	C:\WINDOWS\System32\ucrtbase.dll
0x00007ff95aea0000 - 0x00007ff95aebb000 	C:\Program Files\Android\Android Studio\jbr\bin\VCRUNTIME140.dll
0x00007ff91d6e0000 - 0x00007ff91d6f8000 	C:\Program Files\Android\Android Studio\jbr\bin\jli.dll
0x00007ff9847f0000 - 0x00007ff9849b6000 	C:\WINDOWS\System32\USER32.dll
0x00007ff9828e0000 - 0x00007ff982907000 	C:\WINDOWS\System32\win32u.dll
0x00007ff96b2e0000 - 0x00007ff96b573000 	C:\WINDOWS\WinSxS\amd64_microsoft.windows.common-controls_6595b64144ccf1df_6.0.26100.7824_none_3e0870b2e3345462\COMCTL32.dll
0x00007ff984010000 - 0x00007ff98403b000 	C:\WINDOWS\System32\GDI32.dll
0x00007ff9856d0000 - 0x00007ff985779000 	C:\WINDOWS\System32\msvcrt.dll
0x00007ff9835b0000 - 0x00007ff9836db000 	C:\WINDOWS\System32\gdi32full.dll
0x00007ff982830000 - 0x00007ff9828d3000 	C:\WINDOWS\System32\msvcp_win.dll
0x00007ff985c50000 - 0x00007ff985c81000 	C:\WINDOWS\System32\IMM32.DLL
0x00007ff961600000 - 0x00007ff96160c000 	C:\Program Files\Android\Android Studio\jbr\bin\vcruntime140_1.dll
0x00007ff91d650000 - 0x00007ff91d6dd000 	C:\Program Files\Android\Android Studio\jbr\bin\msvcp140.dll
0x00007ff8e1830000 - 0x00007ff8e24c6000 	C:\Program Files\Android\Android Studio\jbr\bin\server\jvm.dll
0x00007ff983db0000 - 0x00007ff983e64000 	C:\WINDOWS\System32\ADVAPI32.dll
0x00007ff983ef0000 - 0x00007ff983f96000 	C:\WINDOWS\System32\sechost.dll
0x00007ff985410000 - 0x00007ff985528000 	C:\WINDOWS\System32\RPCRT4.dll
0x00007ff9845d0000 - 0x00007ff984644000 	C:\WINDOWS\System32\WS2_32.dll
0x00007ff982540000 - 0x00007ff98259e000 	C:\WINDOWS\SYSTEM32\POWRPROF.dll
0x00007ff970fe0000 - 0x00007ff971015000 	C:\WINDOWS\SYSTEM32\WINMM.dll
0x00007ff9771d0000 - 0x00007ff9771db000 	C:\WINDOWS\SYSTEM32\VERSION.dll
0x00007ff982520000 - 0x00007ff982534000 	C:\WINDOWS\SYSTEM32\UMPDC.dll
0x00007ff981480000 - 0x00007ff98149b000 	C:\WINDOWS\SYSTEM32\kernel.appcore.dll
0x00007ff9615c0000 - 0x00007ff9615ca000 	C:\Program Files\Android\Android Studio\jbr\bin\jimage.dll
0x00007ff980530000 - 0x00007ff980772000 	C:\WINDOWS\SYSTEM32\DBGHELP.DLL
0x00007ff985860000 - 0x00007ff985be6000 	C:\WINDOWS\System32\combase.dll
0x00007ff984710000 - 0x00007ff9847e7000 	C:\WINDOWS\System32\OLEAUT32.dll
0x00007ff969c90000 - 0x00007ff969ccb000 	C:\WINDOWS\SYSTEM32\dbgcore.DLL
0x00007ff982c90000 - 0x00007ff982d35000 	C:\WINDOWS\System32\bcryptPrimitives.dll
0x00007ff952eb0000 - 0x00007ff952ebe000 	C:\Program Files\Android\Android Studio\jbr\bin\instrument.dll
0x00007ff95ae80000 - 0x00007ff95aea0000 	C:\Program Files\Android\Android Studio\jbr\bin\java.dll
0x00007ff95ade0000 - 0x00007ff95adf8000 	C:\Program Files\Android\Android Studio\jbr\bin\zip.dll
0x00007ff9849c0000 - 0x00007ff985112000 	C:\WINDOWS\System32\SHELL32.dll
0x00007ff9829a0000 - 0x00007ff982b0a000 	C:\WINDOWS\System32\wintypes.dll
0x00007ff982d40000 - 0x00007ff9835a3000 	C:\WINDOWS\System32\windows.storage.dll
0x00007ff985120000 - 0x00007ff985216000 	C:\WINDOWS\System32\SHCORE.dll
0x00007ff984560000 - 0x00007ff9845c7000 	C:\WINDOWS\System32\shlwapi.dll
0x00007ff982600000 - 0x00007ff982629000 	C:\WINDOWS\SYSTEM32\profapi.dll
0x00007ff961220000 - 0x00007ff961230000 	C:\Program Files\Android\Android Studio\jbr\bin\net.dll
0x00007ff976f50000 - 0x00007ff977077000 	C:\WINDOWS\SYSTEM32\WINHTTP.dll
0x00007ff9819f0000 - 0x00007ff981a5b000 	C:\WINDOWS\system32\mswsock.dll
0x00007ff95adc0000 - 0x00007ff95add6000 	C:\Program Files\Android\Android Studio\jbr\bin\nio.dll
0x00007ff95ab60000 - 0x00007ff95ab70000 	C:\Program Files\Android\Android Studio\jbr\bin\verify.dll
0x00007ff95ca50000 - 0x00007ff95ca77000 	C:\Users\thepe\.gradle\native\1def1411415f61bf3af743bc5b6707747c0891f09f0c88961ee8f79bc544acac\windows-amd64\native-platform.dll
0x00007ff91d5d0000 - 0x00007ff91d648000 	C:\Users\thepe\.gradle\native\0.2.7\x86_64-windows-gnu\gradle-fileevents.dll
0x00007ff95dcc0000 - 0x00007ff95dcc9000 	C:\Program Files\Android\Android Studio\jbr\bin\management.dll
0x00007ff95c000000 - 0x00007ff95c00b000 	C:\Program Files\Android\Android Studio\jbr\bin\management_ext.dll
0x00007ff985bf0000 - 0x00007ff985bf8000 	C:\WINDOWS\System32\PSAPI.DLL
0x00007ff980ea0000 - 0x00007ff980ed4000 	C:\WINDOWS\SYSTEM32\IPHLPAPI.DLL
0x00007ff983da0000 - 0x00007ff983daa000 	C:\WINDOWS\System32\NSI.dll
0x00007ff95f8e0000 - 0x00007ff95f8e9000 	C:\Program Files\Android\Android Studio\jbr\bin\extnet.dll
0x00007ff981cc0000 - 0x00007ff981cdb000 	C:\WINDOWS\SYSTEM32\CRYPTSP.dll
0x00007ff9813e0000 - 0x00007ff981419000 	C:\WINDOWS\system32\rsaenh.dll
0x00007ff981aa0000 - 0x00007ff981acb000 	C:\WINDOWS\SYSTEM32\USERENV.dll
0x00007ff9825d0000 - 0x00007ff9825fa000 	C:\WINDOWS\SYSTEM32\bcrypt.dll
0x00007ff981ce0000 - 0x00007ff981cec000 	C:\WINDOWS\SYSTEM32\CRYPTBASE.dll
0x00007ff9740d0000 - 0x00007ff9740d8000 	C:\WINDOWS\system32\wshunix.dll

JVMTI agents:
C:\Users\thepe\.gradle\wrapper\dists\gradle-8.13-bin\5xuhj0ry160q40clulazy9h7d\gradle-8.13\lib\agents\gradle-instrumentation-agent-8.13.jar path:C:\Program Files\Android\Android Studio\jbr\bin\instrument.dll, loaded, initialized, instrumentlib options:none

dbghelp: loaded successfully - version: 4.0.5 - missing functions: none
symbol engine: initialized successfully - sym options: 0x614 - pdb path: .;C:\Program Files\Android\Android Studio\jbr\bin;C:\WINDOWS\SYSTEM32;C:\WINDOWS\WinSxS\amd64_microsoft.windows.common-controls_6595b64144ccf1df_6.0.26100.7824_none_3e0870b2e3345462;C:\Program Files\Android\Android Studio\jbr\bin\server;C:\Users\thepe\.gradle\native\1def1411415f61bf3af743bc5b6707747c0891f09f0c88961ee8f79bc544acac\windows-amd64;C:\Users\thepe\.gradle\native\0.2.7\x86_64-windows-gnu

VM Arguments:
jvm_args: --add-opens=java.base/java.lang=ALL-UNNAMED --add-opens=java.base/java.lang.invoke=ALL-UNNAMED --add-opens=java.base/java.util=ALL-UNNAMED --add-opens=java.prefs/java.util.prefs=ALL-UNNAMED --add-exports=jdk.compiler/com.sun.tools.javac.api=ALL-UNNAMED --add-exports=jdk.compiler/com.sun.tools.javac.util=ALL-UNNAMED --add-opens=java.base/java.util=ALL-UNNAMED --add-opens=java.prefs/java.util.prefs=ALL-UNNAMED --add-opens=java.base/java.nio.charset=ALL-UNNAMED --add-opens=java.base/java.net=ALL-UNNAMED --add-opens=java.base/java.util.concurrent.atomic=ALL-UNNAMED --add-opens=java.xml/javax.xml.namespace=ALL-UNNAMED -Xmx2048m -Dfile.encoding=UTF-8 -Duser.country=PE -Duser.language=es -Duser.variant -javaagent:C:\Users\thepe\.gradle\wrapper\dists\gradle-8.13-bin\5xuhj0ry160q40clulazy9h7d\gradle-8.13\lib\agents\gradle-instrumentation-agent-8.13.jar 
java_command: org.gradle.launcher.daemon.bootstrap.GradleDaemon 8.13
java_class_path (initial): C:\Users\thepe\.gradle\wrapper\dists\gradle-8.13-bin\5xuhj0ry160q40clulazy9h7d\gradle-8.13\lib\gradle-daemon-main-8.13.jar
Launcher Type: SUN_STANDARD

[Global flags]
     intx CICompilerCount                          = 4                                         {product} {ergonomic}
     uint ConcGCThreads                            = 2                                         {product} {ergonomic}
     uint G1ConcRefinementThreads                  = 8                                         {product} {ergonomic}
   size_t G1HeapRegionSize                         = 1048576                                   {product} {ergonomic}
    uintx GCDrainStackTargetSize                   = 64                                        {product} {ergonomic}
   size_t InitialHeapSize                          = 266338304                                 {product} {ergonomic}
   size_t MarkStackSize                            = 4194304                                   {product} {ergonomic}
   size_t MaxHeapSize                              = 2147483648                                {product} {command line}
   size_t MaxNewSize                               = 1287651328                                {product} {ergonomic}
   size_t MinHeapDeltaBytes                        = 1048576                                   {product} {ergonomic}
   size_t MinHeapSize                              = 8388608                                   {product} {ergonomic}
    uintx NonNMethodCodeHeapSize                   = 5839372                                {pd product} {ergonomic}
    uintx NonProfiledCodeHeapSize                  = 122909434                              {pd product} {ergonomic}
    uintx ProfiledCodeHeapSize                     = 122909434                              {pd product} {ergonomic}
    uintx ReservedCodeCacheSize                    = 251658240                              {pd product} {ergonomic}
     bool SegmentedCodeCache                       = true                                      {product} {ergonomic}
   size_t SoftMaxHeapSize                          = 2147483648                             {manageable} {ergonomic}
     bool UseCompressedOops                        = true                           {product lp64_product} {ergonomic}
     bool UseG1GC                                  = true                                      {product} {ergonomic}
     bool UseLargePagesIndividualAllocation        = false                                  {pd product} {ergonomic}

Logging:
Log output configuration:
 #0: stdout all=warning uptime,level,tags foldmultilines=false
 #1: stderr all=off uptime,level,tags foldmultilines=false

Release file:
JAVA_VERSION="21.0.9" 
MODULES="java.base java.compiler java.datatransfer java.xml java.prefs java.desktop java.instrument java.logging java.management java.security.sasl java.naming java.rmi java.management.rmi java.net.http java.scripting java.security.jgss java.transaction.xa java.sql java.sql.rowset java.xml.crypto java.se java.smartcardio jdk.accessibility jdk.internal.jvmstat jdk.attach jdk.charsets jdk.internal.opt jdk.zipfs jdk.compiler jdk.crypto.ec jdk.crypto.cryptoki jdk.dynalink jdk.hotspot.agent jdk.httpserver jdk.internal.ed jdk.internal.le jdk.internal.vm.ci jdk.jartool jdk.javadoc jdk.jcmd jdk.jdeps jdk.jdwp.agent jdk.jdi jdk.jfr jdk.jlink jdk.jsobject jdk.localedata jdk.management jdk.management.agent jdk.management.jfr jdk.naming.dns jdk.naming.rmi jdk.net jdk.sctp jdk.security.auth jdk.security.jgss jdk.unsupported jdk.unsupported.desktop jdk.xml.dom" 
IMPLEMENTOR="JetBrains s.r.o." 
JAVA_RUNTIME_VERSION="21.0.9+-14649483-b1163.86" 
LIBC="default" 
OS_ARCH="x86_64" 
OS_NAME="Windows" 
SOURCE=".:git:554d0c326095" 

Environment Variables:
JAVA_HOME=C:\Program Files\Java\openlogic-openjdk-17.0.12+7-windows-x64
PATH=C:\Program Files\Eclipse Adoptium\jdk-25.0.1.8-hotspot\bin;C:\Program Files\NVIDIA GPU Computing Toolkit\CUDA\v11.2\bin;C:\Program Files\NVIDIA GPU Computing Toolkit\CUDA\v11.2\libnvvp;C:\ffmpeg\bin;C:\ProgramData\Oracle\Java\javapath;C:\Program Files\Common Files\Oracle\Java\javapath;C:\Program Files (x86)\Common Files\Oracle\Java\java8path;C:\Program Files (x86)\Common Files\Oracle\Java\javapath;C:\Windows\system32;C:\Windows;C:\Windows\System32\Wbem;C:\Windows\System32\WindowsPowerShell\v1.0\;C:\Windows\System32\OpenSSH\;C:\Program Files (x86)\NVIDIA Corporation\PhysX\Common;C:\Program Files\Java\jdk-16.0.1\bin;C:\Program Files\Microsoft SQL Server\Client SDK\ODBC\170\Tools\Binn\;C:\Program Files (x86)\Microsoft SQL Server\150\Tools\Binn\;C:\Program Files\Microsoft SQL Server\150\Tools\Binn\;C:\Program Files\Microsoft SQL Server\150\DTS\Binn\;C:\Program Files (x86);C:\sv2tts;C:\Program Files\dotnet\;C:\Program Files\Git\cmd;C:\Users\thepe\Documents\ffmpeg\ffmpeg_folder\bin;C:\Program Files\CMake\bin;C:\ProgramData\chocolatey\bin;C:\Users\thepe\AppData\Local\Android\Sdk\platform-tools\;C:\Users\thepe\AppData\Local\Muse Hub\lib;C:\Program Files\PostgreSQL\14\bin;C:\Program Files (x86)\Windows Kits\10\Windows Performance Toolkit\;C:\Program Files\NVIDIA Corporation\Nsight Compute 2020.3.1\;C:\Program Files\cursor\resources\app\bin;C:\Program Files\NVIDIA Corporation\NVIDIA App\NvDLISR;C:\Program Files\nodejs\;C:\WINDOWS\system32;C:\WINDOWS;C:\WINDOWS\System32\Wbem;C:\WINDOWS\System32\WindowsPowerShell\v1.0\;C:\WINDOWS\System32\OpenSSH\;C:\Users\thepe\anaconda3;C:\Users\thepe\anaconda3\Library\mingw-w64\bin;C:\Users\thepe\anaconda3\Library\usr\bin;C:\Users\thepe\anaconda3\Library\bin;C:\Users\thepe\anaconda3\Scripts;C:\Users\thepe\AppData\Local\Programs\Python\Python310\Scripts\;C:\Users\thepe\AppData\Local\Programs\Python\Python310\;C:\Users\thepe\AppData\Local\Microsoft\WindowsApps;C:\Users\thepe\AppData\Local\Programs\Microsoft VS Code\bin;C:\Program Files\Azure Data Studio\bin;C:\Users\thepe\AppData\Local\Muse Hub\lib;C:\Users\thepe\.dotnet\tools;C:\Users\thepe\AppData\Local\Programs\Antigravity\bin;C:\Users\thepe\AppData\Roaming\npm;
USERNAME=thepe
OS=Windows_NT
PROCESSOR_IDENTIFIER=Intel64 Family 6 Model 165 Stepping 2, GenuineIntel
TMP=C:\Users\thepe\AppData\Local\Temp
TEMP=C:\Users\thepe\AppData\Local\Temp




Periodic native trim disabled

JNI global refs:
JNI global refs: 30, weak refs: 6

JNI global refs memory usage: 835, weak refs: 833

Process memory usage:
Resident Set Size: 333552K (2% of 16604212K total physical memory with 1219704K free physical memory)

OOME stack traces (most recent first):
Classloader memory used:
Loader org.gradle.internal.classloader.VisitableURLClassLoader                         : 31646K
Loader bootstrap                                                                       : 23262K
Loader org.gradle.initialization.MixInLegacyTypesClassLoader                           : 10567K
Loader jdk.internal.loader.ClassLoaders$PlatformClassLoader                            : 551K
Loader jdk.internal.loader.ClassLoaders$AppClassLoader                                 : 235K
Loader org.gradle.groovy.scripts.internal.DefaultScriptCompilationHandler$ScriptClassLoader: 158K
Loader jdk.internal.reflect.DelegatingClassLoader                                      : 69160B
Loader org.codehaus.groovy.runtime.callsite.CallSiteClassLoader                        : 22704B
Loader org.gradle.internal.classloader.VisitableURLClassLoader$InstrumentingVisitableURLClassLoader: 18424B

Classes loaded by more than one classloader:
Class org.gradle.internal.classloader.FilteringClassLoader                            : loaded 2 times (x 105B)
Class org.gradle.internal.classloader.ClassLoaderHierarchy                            : loaded 2 times (x 70B)
Class org.gradle.api.internal.classpath.ManifestUtil                                  : loaded 2 times (x 71B)
Class org.gradle.internal.classloader.DefaultClassLoaderFactory                       : loaded 2 times (x 82B)
Class ijKotlinCoroutineJvmDebugInit1_3j91fxw62fxy0tmxn581dd3g3$_run_closure1          : loaded 2 times (x 139B)
Class org.gradle.internal.classloader.ClassLoaderVisitor                              : loaded 2 times (x 76B)
Class settings_97rxkysmqq3d8zr8ewdveoyx9                                              : loaded 2 times (x 179B)
Class org.gradle.api.internal.classpath.EffectiveClassPath                            : loaded 2 times (x 90B)
Class org.gradle.api.internal.DefaultClassPathProvider                                : loaded 2 times (x 76B)
Class [Lorg.gradle.api.internal.ClassPathProvider;                                    : loaded 2 times (x 69B)
Class org.gradle.api.internal.ClassPathProvider                                       : loaded 2 times (x 70B)
Class org.gradle.internal.service.UnknownServiceException                             : loaded 2 times (x 83B)
Class settings_97rxkysmqq3d8zr8ewdveoyx9$_run_closure1                                : loaded 2 times (x 139B)
Class settings_97rxkysmqq3d8zr8ewdveoyx9$_run_closure1$_closure2                      : loaded 2 times (x 139B)
Class org.gradle.internal.classpath.TransformedClassPath                              : loaded 2 times (x 96B)
Class org.gradle.internal.classloader.InstrumentingClassLoader                        : loaded 2 times (x 70B)
Class ijJvmDebugger1_dfb5n65i3sm3jygybathzvon1                                        : loaded 2 times (x 179B)
Class org.gradle.internal.service.ServiceLocator                                      : loaded 2 times (x 70B)
Class org.gradle.internal.InternalTransformer                                         : loaded 2 times (x 70B)
Class org.gradle.internal.classloader.ClasspathUtil$1                                 : loaded 2 times (x 76B)
Class org.gradle.api.internal.classpath.DefaultModuleRegistry$DefaultModule           : loaded 2 times (x 86B)
Class org.gradle.api.internal.classpath.Module                                        : loaded 2 times (x 70B)
Class org.gradle.api.internal.classpath.UnknownModuleException                        : loaded 2 times (x 82B)
Class ijKotlinCoroutineJvmDebugInit1_3j91fxw62fxy0tmxn581dd3g3                        : loaded 2 times (x 179B)
Class org.gradle.api.internal.DefaultClassPathRegistry                                : loaded 2 times (x 76B)
Class org.gradle.api.internal.ClassPathRegistry                                       : loaded 2 times (x 70B)
Class org.gradle.internal.classpath.DefaultClassPath$ImmutableUniqueList              : loaded 2 times (x 199B)
Class org.gradle.internal.classpath.ClassPath                                         : loaded 2 times (x 70B)
Class org.gradle.api.UncheckedIOException                                             : loaded 2 times (x 82B)
Class org.gradle.internal.installation.GradleInstallation$1                           : loaded 2 times (x 75B)
Class org.gradle.api.internal.classpath.ModuleRegistry                                : loaded 2 times (x 70B)
Class org.gradle.api.internal.classpath.DefaultModuleRegistry                         : loaded 2 times (x 86B)
Class org.gradle.internal.service.ServiceLookupException                              : loaded 2 times (x 82B)
Class org.gradle.internal.classloader.ClassLoaderFactory                              : loaded 2 times (x 70B)
Class org.gradle.internal.service.CachingServiceLocator                               : loaded 2 times (x 82B)
Class org.gradle.internal.classloader.ClasspathUtil                                   : loaded 2 times (x 71B)
Class org.gradle.api.specs.Spec                                                       : loaded 2 times (x 70B)
Class org.gradle.internal.classloader.VisitableURLClassLoader$InstrumentingVisitableURLClassLoader: loaded 2 times (x 123B)
Class org.gradle.internal.classloader.VisitableURLClassLoader$Spec                    : loaded 2 times (x 74B)
Class org.gradle.internal.classpath.DefaultClassPath                                  : loaded 2 times (x 90B)
Class org.gradle.internal.classloader.ClassLoaderSpec                                 : loaded 2 times (x 71B)
Class org.gradle.internal.classloader.VisitableURLClassLoader                         : loaded 2 times (x 117B)
Class org.gradle.internal.Cast                                                        : loaded 2 times (x 71B)
Class org.gradle.api.Action                                                           : loaded 2 times (x 70B)
Class org.gradle.internal.classpath.DefaultClassPath$ImmutableUniqueList$Builder      : loaded 2 times (x 75B)
Class org.gradle.api.GradleException                                                  : loaded 2 times (x 82B)
Class org.gradle.internal.IoActions                                                   : loaded 2 times (x 71B)
Class org.gradle.internal.classloader.SystemClassLoaderSpec                           : loaded 2 times (x 71B)
Class org.gradle.api.internal.classpath.GlobalCacheRootsProvider                      : loaded 2 times (x 70B)
Class org.gradle.internal.installation.CurrentGradleInstallationLocator               : loaded 2 times (x 71B)
Class ijJvmDebugger1_dfb5n65i3sm3jygybathzvon1$_run_closure1                          : loaded 2 times (x 139B)
Class org.gradle.internal.service.DefaultServiceLocator                               : loaded 2 times (x 83B)
Class org.gradle.internal.installation.CurrentGradleInstallation                      : loaded 2 times (x 73B)
Class org.gradle.util.internal.GUtil                                                  : loaded 2 times (x 71B)
Class org.gradle.internal.installation.GradleInstallation                             : loaded 2 times (x 75B)

---------------  S Y S T E M  ---------------

OS:
 Windows 11 , 64 bit Build 26100 (10.0.26100.7705)
OS uptime: 3 days 6:29 hours

CPU: total 8 (initial active 8) (4 cores per cpu, 2 threads per core) family 6 model 165 stepping 2 microcode 0xe2, cx8, cmov, fxsr, ht, mmx, 3dnowpref, sse, sse2, sse3, ssse3, sse4.1, sse4.2, popcnt, lzcnt, tsc, tscinvbit, avx, avx2, aes, erms, clmul, bmi1, bmi2, adx, fma, vzeroupper, clflush, clflushopt, rdtscp, f16c, pku
Processor Information for the first 8 processors :
  Max Mhz: 2496, Current Mhz: 2496, Mhz Limit: 2496

Memory: 4k page, system-wide physical 16215M (1195M free)
TotalPageFile size 42391M (AvailPageFile size 1M)
current process WorkingSet (physical memory assigned to process): 326M, peak: 338M
current process commit charge ("private bytes"): 359M, peak: 390M

vm_info: OpenJDK 64-Bit Server VM (21.0.9+-14649483-b1163.86) for windows-amd64 JRE (21.0.9+-14649483-b1163.86), built on 2025-12-30T22:08:35Z by "builder" with MS VC++ 16.10 / 16.11 (VS2019)

END.
